Component: ARM Compiler 5.06 update 1 (build 61) Tool: armlink [4d35a8]

==============================================================================

Section Cross References

    basei2c.o(i.Init_I2C) refers to i2c_lpc17xx.o(.constdata) for Driver_I2C0
    basei2c.o(i.TIMER0_IRQHandler) refers to glcd_mcb1700.o(i.GLCD_SetForegroundColor) for GLCD_SetForegroundColor
    basei2c.o(i.TIMER0_IRQHandler) refers to glcd_mcb1700.o(i.GLCD_DrawRectangle) for GLCD_DrawRectangle
    basei2c.o(i.TIMER0_IRQHandler) refers to basei2c.o(i.read1byte) for read1byte
    basei2c.o(i.TIMER0_IRQHandler) refers to basei2c.o(.data) for y
    basei2c.o(i.main) refers to basei2c.o(i.Init_I2C) for Init_I2C
    basei2c.o(i.main) refers to glcd_mcb1700.o(i.GLCD_Initialize) for GLCD_Initialize
    basei2c.o(i.main) refers to glcd_mcb1700.o(i.GLCD_ClearScreen) for GLCD_ClearScreen
    basei2c.o(i.main) refers to glcd_mcb1700.o(i.GLCD_SetFont) for GLCD_SetFont
    basei2c.o(i.main) refers to basei2c.o(i.write1byte) for write1byte
    basei2c.o(i.main) refers to basei2c.o(i.Timer_Init) for Timer_Init
    basei2c.o(i.main) refers to basei2c.o(i.__NVIC_SetPriority) for __NVIC_SetPriority
    basei2c.o(i.main) refers to glcd_fonts.o(.constdata) for GLCD_Font_16x24
    basei2c.o(i.main) refers to basei2c.o(.data) for DeviceAddr
    basei2c.o(i.read1byte) refers to i2c_lpc17xx.o(.constdata) for Driver_I2C0
    basei2c.o(i.write1byte) refers to i2c_lpc17xx.o(.constdata) for Driver_I2C0
    glcd_mcb1700.o(i.GLCD_ClearScreen) refers to glcd_mcb1700.o(i.GLCD_WindowMax) for GLCD_WindowMax
    glcd_mcb1700.o(i.GLCD_ClearScreen) refers to glcd_mcb1700.o(i.wr_cmd) for wr_cmd
    glcd_mcb1700.o(i.GLCD_ClearScreen) refers to glcd_mcb1700.o(i.wr_dat_start) for wr_dat_start
    glcd_mcb1700.o(i.GLCD_ClearScreen) refers to glcd_mcb1700.o(i.wr_dat_only) for wr_dat_only
    glcd_mcb1700.o(i.GLCD_ClearScreen) refers to glcd_mcb1700.o(i.wr_dat_stop) for wr_dat_stop
    glcd_mcb1700.o(i.GLCD_ClearScreen) refers to glcd_mcb1700.o(.data) for background_color
    glcd_mcb1700.o(i.GLCD_DrawBargraph) refers to glcd_mcb1700.o(i.GLCD_SetWindow) for GLCD_SetWindow
    glcd_mcb1700.o(i.GLCD_DrawBargraph) refers to glcd_mcb1700.o(i.wr_cmd) for wr_cmd
    glcd_mcb1700.o(i.GLCD_DrawBargraph) refers to glcd_mcb1700.o(i.wr_dat_start) for wr_dat_start
    glcd_mcb1700.o(i.GLCD_DrawBargraph) refers to glcd_mcb1700.o(i.wr_dat_only) for wr_dat_only
    glcd_mcb1700.o(i.GLCD_DrawBargraph) refers to glcd_mcb1700.o(i.wr_dat_stop) for wr_dat_stop
    glcd_mcb1700.o(i.GLCD_DrawBargraph) refers to glcd_mcb1700.o(.data) for background_color
    glcd_mcb1700.o(i.GLCD_DrawBitmap) refers to glcd_mcb1700.o(i.GLCD_SetWindow) for GLCD_SetWindow
    glcd_mcb1700.o(i.GLCD_DrawBitmap) refers to glcd_mcb1700.o(i.wr_cmd) for wr_cmd
    glcd_mcb1700.o(i.GLCD_DrawBitmap) refers to glcd_mcb1700.o(i.wr_dat_start) for wr_dat_start
    glcd_mcb1700.o(i.GLCD_DrawBitmap) refers to glcd_mcb1700.o(i.wr_dat_only) for wr_dat_only
    glcd_mcb1700.o(i.GLCD_DrawBitmap) refers to glcd_mcb1700.o(i.wr_dat_stop) for wr_dat_stop
    glcd_mcb1700.o(i.GLCD_DrawChar) refers to glcd_mcb1700.o(i.GLCD_SetWindow) for GLCD_SetWindow
    glcd_mcb1700.o(i.GLCD_DrawChar) refers to glcd_mcb1700.o(i.wr_cmd) for wr_cmd
    glcd_mcb1700.o(i.GLCD_DrawChar) refers to glcd_mcb1700.o(i.wr_dat_start) for wr_dat_start
    glcd_mcb1700.o(i.GLCD_DrawChar) refers to glcd_mcb1700.o(i.wr_dat_only) for wr_dat_only
    glcd_mcb1700.o(i.GLCD_DrawChar) refers to glcd_mcb1700.o(i.wr_dat_stop) for wr_dat_stop
    glcd_mcb1700.o(i.GLCD_DrawChar) refers to glcd_mcb1700.o(.data) for active_font
    glcd_mcb1700.o(i.GLCD_DrawHLine) refers to glcd_mcb1700.o(i.GLCD_SetWindow) for GLCD_SetWindow
    glcd_mcb1700.o(i.GLCD_DrawHLine) refers to glcd_mcb1700.o(i.wr_cmd) for wr_cmd
    glcd_mcb1700.o(i.GLCD_DrawHLine) refers to glcd_mcb1700.o(i.wr_dat_start) for wr_dat_start
    glcd_mcb1700.o(i.GLCD_DrawHLine) refers to glcd_mcb1700.o(i.wr_dat_only) for wr_dat_only
    glcd_mcb1700.o(i.GLCD_DrawHLine) refers to glcd_mcb1700.o(i.wr_dat_stop) for wr_dat_stop
    glcd_mcb1700.o(i.GLCD_DrawHLine) refers to glcd_mcb1700.o(.data) for foreground_color
    glcd_mcb1700.o(i.GLCD_DrawPixel) refers to glcd_mcb1700.o(i.wr_reg) for wr_reg
    glcd_mcb1700.o(i.GLCD_DrawPixel) refers to glcd_mcb1700.o(i.wr_cmd) for wr_cmd
    glcd_mcb1700.o(i.GLCD_DrawPixel) refers to glcd_mcb1700.o(i.wr_dat) for wr_dat
    glcd_mcb1700.o(i.GLCD_DrawPixel) refers to glcd_mcb1700.o(.data) for Himax
    glcd_mcb1700.o(i.GLCD_DrawRectangle) refers to glcd_mcb1700.o(i.GLCD_DrawHLine) for GLCD_DrawHLine
    glcd_mcb1700.o(i.GLCD_DrawRectangle) refers to glcd_mcb1700.o(i.GLCD_DrawVLine) for GLCD_DrawVLine
    glcd_mcb1700.o(i.GLCD_DrawString) refers to glcd_mcb1700.o(i.GLCD_DrawChar) for GLCD_DrawChar
    glcd_mcb1700.o(i.GLCD_DrawString) refers to glcd_mcb1700.o(.data) for active_font
    glcd_mcb1700.o(i.GLCD_DrawVLine) refers to glcd_mcb1700.o(i.GLCD_SetWindow) for GLCD_SetWindow
[...]
    gpdma_lpc17xx.o(i.GPDMA_Initialize) refers to gpdma_lpc17xx.o(.bss) for Channel_info
    gpdma_lpc17xx.o(i.GPDMA_Uninitialize) refers to gpdma_lpc17xx.o(i.__NVIC_ClearPendingIRQ) for __NVIC_ClearPendingIRQ
    gpdma_lpc17xx.o(i.GPDMA_Uninitialize) refers to gpdma_lpc17xx.o(.data) for Init_cnt
    gpdma_lpc17xx.o(i.Set_Channel_active_flag) refers to gpdma_lpc17xx.o(.data) for Channel_active
    startup_lpc17xx.o(STACK) refers (Special) to heapauxi.o(.text) for __use_two_region_memory
    startup_lpc17xx.o(HEAP) refers (Special) to heapauxi.o(.text) for __use_two_region_memory
    startup_lpc17xx.o(RESET) refers (Special) to heapauxi.o(.text) for __use_two_region_memory
    startup_lpc17xx.o(RESET) refers to startup_lpc17xx.o(STACK) for __initial_sp
    startup_lpc17xx.o(RESET) refers to startup_lpc17xx.o(.text) for Reset_Handler
    startup_lpc17xx.o(RESET) refers to basei2c.o(i.TIMER0_IRQHandler) for TIMER0_IRQHandler
    startup_lpc17xx.o(RESET) refers to i2c_lpc17xx.o(i.I2C0_IRQHandler) for I2C0_IRQHandler
    startup_lpc17xx.o(RESET) refers to ssp_lpc17xx.o(i.SSP1_IRQHandler) for SSP1_IRQHandler
    startup_lpc17xx.o(RESET) refers to gpdma_lpc17xx.o(i.DMA_IRQHandler) for DMA_IRQHandler
    startup_lpc17xx.o(.ARM.__at_0x02FC) refers (Special) to heapauxi.o(.text) for __use_two_region_memory
    startup_lpc17xx.o(.text) refers (Special) to heapauxi.o(.text) for __use_two_region_memory
    startup_lpc17xx.o(.text) refers to system_lpc17xx.o(i.SystemInit) for SystemInit
    startup_lpc17xx.o(.text) refers to __main.o(!!!main) for __main
    startup_lpc17xx.o(.text) refers to startup_lpc17xx.o(HEAP) for Heap_Mem
    startup_lpc17xx.o(.text) refers to startup_lpc17xx.o(STACK) for Stack_Mem
    system_lpc17xx.o(i.SystemCoreClockUpdate) refers to lludivv7m.o(.text) for __aeabi_uldivmod
    system_lpc17xx.o(i.SystemCoreClockUpdate) refers to system_lpc17xx.o(.data) for SystemCoreClock
    __main.o(!!!main) refers to __rtentry.o(.ARM.Collect$$rtentry$$00000000) for __rt_entry
    __rtentry.o(.ARM.Collect$$rtentry$$00000000) refers (Special) to __rtentry2.o(.ARM.Collect$$rtentry$$0000000A) for __rt_entry_li
    __rtentry.o(.ARM.Collect$$rtentry$$00000000) refers (Special) to __rtentry2.o(.ARM.Collect$$rtentry$$0000000D) for __rt_entry_main
    __rtentry.o(.ARM.Collect$$rtentry$$00000000) refers (Special) to __rtentry2.o(.ARM.Collect$$rtentry$$0000000C) for __rt_entry_postli_1
    __rtentry.o(.ARM.Collect$$rtentry$$00000000) refers (Special) to __rtentry2.o(.ARM.Collect$$rtentry$$00000009) for __rt_entry_postsh_1
    __rtentry.o(.ARM.Collect$$rtentry$$00000000) refers (Special) to __rtentry2.o(.ARM.Collect$$rtentry$$00000002) for __rt_entry_presh_1
    __rtentry.o(.ARM.Collect$$rtentry$$00000000) refers (Special) to __rtentry4.o(.ARM.Collect$$rtentry$$00000004) for __rt_entry_sh
    aeabi_ldiv0_sigfpe.o(.text) refers to rt_div0.o(.text) for __rt_div0
    __rtentry2.o(.ARM.Collect$$rtentry$$00000008) refers to boardinit2.o(.text) for _platform_post_stackheap_init
    __rtentry2.o(.ARM.Collect$$rtentry$$0000000A) refers to libinit.o(.ARM.Collect$$libinit$$00000000) for __rt_lib_init
    __rtentry2.o(.ARM.Collect$$rtentry$$0000000B) refers to boardinit3.o(.text) for _platform_post_lib_init
    __rtentry2.o(.ARM.Collect$$rtentry$$0000000D) refers to basei2c.o(i.main) for main
    __rtentry2.o(.ARM.Collect$$rtentry$$0000000D) refers to exit.o(.text) for exit
    __rtentry2.o(.ARM.exidx) refers to __rtentry2.o(.ARM.Collect$$rtentry$$00000001) for .ARM.Collect$$rtentry$$00000001
    __rtentry2.o(.ARM.exidx) refers to __rtentry2.o(.ARM.Collect$$rtentry$$00000008) for .ARM.Collect$$rtentry$$00000008
    __rtentry2.o(.ARM.exidx) refers to __rtentry2.o(.ARM.Collect$$rtentry$$0000000A) for .ARM.Collect$$rtentry$$0000000A
    __rtentry2.o(.ARM.exidx) refers to __rtentry2.o(.ARM.Collect$$rtentry$$0000000B) for .ARM.Collect$$rtentry$$0000000B
    __rtentry2.o(.ARM.exidx) refers to __rtentry2.o(.ARM.Collect$$rtentry$$0000000D) for .ARM.Collect$$rtentry$$0000000D
    __rtentry4.o(.ARM.Collect$$rtentry$$00000004) refers to sys_stackheap_outer.o(.text) for __user_setup_stackheap
    __rtentry4.o(.ARM.exidx) refers to __rtentry4.o(.ARM.Collect$$rtentry$$00000004) for .ARM.Collect$$rtentry$$00000004
    rt_div0.o(.text) refers to defsig_fpe_outer.o(.text) for __rt_SIGFPE
    sys_stackheap_outer.o(.text) refers to libspace.o(.text) for __user_perproc_libspace
    sys_stackheap_outer.o(.text) refers to startup_lpc17xx.o(.text) for __user_initial_stackheap
    exit.o(.text) refers to rtexit.o(.ARM.Collect$$rtexit$$00000000) for __rt_exit
    defsig_fpe_outer.o(.text) refers to defsig_fpe_inner.o(.text) for __rt_SIGFPE_inner
    defsig_fpe_outer.o(.text) refers to defsig_exit.o(.text) for __sig_exit
    defsig_fpe_formal.o(.text) refers to rt_raise.o(.text) for __rt_raise
    libinit.o(.ARM.Collect$$libinit$$00000000) refers (Special) to libinit2.o(.ARM.Collect$$libinit$$0000002E) for __rt_lib_init_alloca_1
    libinit.o(.ARM.Collect$$libinit$$00000000) refers (Special) to libinit2.o(.ARM.Collect$$libinit$$0000002C) for __rt_lib_init_argv_1
    libinit.o(.ARM.Collect$$libinit$$00000000) refers (Special) to libinit2.o(.ARM.Collect$$libinit$$0000001B) for __rt_lib_init_atexit_1
    libinit.o(.ARM.Collect$$libinit$$00000000) refers (Special) to libinit2.o(.ARM.Collect$$libinit$$00000021) for __rt_lib_init_clock_1
    libinit.o(.ARM.Collect$$libinit$$00000000) refers (Special) to libinit2.o(.ARM.Collect$$libinit$$00000032) for __rt_lib_init_cpp_1
    libinit.o(.ARM.Collect$$libinit$$00000000) refers (Special) to libinit2.o(.ARM.Collect$$libinit$$00000030) for __rt_lib_init_exceptions_1
    libinit.o(.ARM.Collect$$libinit$$00000000) refers (Special) to libinit2.o(.ARM.Collect$$libinit$$00000002) for __rt_lib_init_fp_1
    libinit.o(.ARM.Collect$$libinit$$00000000) refers (Special) to libinit2.o(.ARM.Collect$$libinit$$0000001F) for __rt_lib_init_fp_trap_1
    libinit.o(.ARM.Collect$$libinit$$00000000) refers (Special) to libinit2.o(.ARM.Collect$$libinit$$00000023) for __rt_lib_init_getenv_1
    libinit.o(.ARM.Collect$$libinit$$00000000) refers (Special) to libinit2.o(.ARM.Collect$$libinit$$0000000A) for __rt_lib_init_heap_1
    libinit.o(.ARM.Collect$$libinit$$00000000) refers (Special) to libinit2.o(.ARM.Collect$$libinit$$00000011) for __rt_lib_init_lc_collate_1
    libinit.o(.ARM.Collect$$libinit$$00000000) refers (Special) to libinit2.o(.ARM.Collect$$libinit$$00000013) for __rt_lib_init_lc_ctype_1
    libinit.o(.ARM.Collect$$libinit$$00000000) refers (Special) to libinit2.o(.ARM.Collect$$libinit$$00000015) for __rt_lib_init_lc_monetary_1
    libinit.o(.ARM.Collect$$libinit$$00000000) refers (Special) to libinit2.o(.ARM.Collect$$libinit$$00000017) for __rt_lib_init_lc_numeric_1
    libinit.o(.ARM.Collect$$libinit$$00000000) refers (Special) to libinit2.o(.ARM.Collect$$libinit$$00000019) for __rt_lib_init_lc_time_1
    libinit.o(.ARM.Collect$$libinit$$00000000) refers (Special) to libinit2.o(.ARM.Collect$$libinit$$00000004) for __rt_lib_init_preinit_1
    libinit.o(.ARM.Collect$$libinit$$00000000) refers (Special) to libinit2.o(.ARM.Collect$$libinit$$0000000E) for __rt_lib_init_rand_1
    libinit.o(.ARM.Collect$$libinit$$00000000) refers (Special) to libinit2.o(.ARM.Collect$$libinit$$00000033) for __rt_lib_init_return
    libinit.o(.ARM.Collect$$libinit$$00000000) refers (Special) to libinit2.o(.ARM.Collect$$libinit$$0000001D) for __rt_lib_init_signal_1
    libinit.o(.ARM.Collect$$libinit$$00000000) refers (Special) to libinit2.o(.ARM.Collect$$libinit$$00000025) for __rt_lib_init_stdio_1
    libinit.o(.ARM.Collect$$libinit$$00000000) refers (Special) to libinit2.o(.ARM.Collect$$libinit$$0000000C) for __rt_lib_init_user_alloc_1
    libspace.o(.text) refers to libspace.o(.bss) for __libspace_start
    rtexit.o(.ARM.Collect$$rtexit$$00000000) refers (Special) to rtexit2.o(.ARM.Collect$$rtexit$$00000004) for __rt_exit_exit
    rtexit.o(.ARM.Collect$$rtexit$$00000000) refers (Special) to rtexit2.o(.ARM.Collect$$rtexit$$00000003) for __rt_exit_ls
    rtexit.o(.ARM.Collect$$rtexit$$00000000) refers (Special) to rtexit2.o(.ARM.Collect$$rtexit$$00000002) for __rt_exit_prels_1
    rtexit.o(.ARM.exidx) refers (Special) to rtexit2.o(.ARM.Collect$$rtexit$$00000004) for __rt_exit_exit
    rtexit.o(.ARM.exidx) refers (Special) to rtexit2.o(.ARM.Collect$$rtexit$$00000003) for __rt_exit_ls
    rtexit.o(.ARM.exidx) refers (Special) to rtexit2.o(.ARM.Collect$$rtexit$$00000002) for __rt_exit_prels_1
    rtexit.o(.ARM.exidx) refers to rtexit.o(.ARM.Collect$$rtexit$$00000000) for .ARM.Collect$$rtexit$$00000000
    rt_raise.o(.text) refers to __raise.o(.text) for __raise
    rt_raise.o(.text) refers to sys_exit.o(.text) for _sys_exit
    defsig_exit.o(.text) refers to sys_exit.o(.text) for _sys_exit
    defsig_fpe_inner.o(.text) refers to defsig_general.o(.text) for __default_signal_display
    libinit2.o(.ARM.Collect$$libinit$$00000010) refers to libinit2.o(.ARM.Collect$$libinit$$0000000F) for .ARM.Collect$$libinit$$0000000F
    libinit2.o(.ARM.Collect$$libinit$$00000012) refers to libinit2.o(.ARM.Collect$$libinit$$0000000F) for .ARM.Collect$$libinit$$0000000F
    libinit2.o(.ARM.Collect$$libinit$$00000014) refers to libinit2.o(.ARM.Collect$$libinit$$0000000F) for .ARM.Collect$$libinit$$0000000F
    libinit2.o(.ARM.Collect$$libinit$$00000016) refers to libinit2.o(.ARM.Collect$$libinit$$0000000F) for .ARM.Collect$$libinit$$0000000F
    libinit2.o(.ARM.Collect$$libinit$$00000018) refers to libinit2.o(.ARM.Collect$$libinit$$0000000F) for .ARM.Collect$$libinit$$0000000F
    libinit2.o(.ARM.Collect$$libinit$$00000026) refers to argv_veneer.o(.emb_text) for __ARM_argv_veneer
    libinit2.o(.ARM.Collect$$libinit$$00000027) refers to argv_veneer.o(.emb_text) for __ARM_argv_veneer
    sys_exit.o(.text) refers (Special) to use_no_semi.o(.text) for __I$use$semihosting
    sys_exit.o(.text) refers (Special) to indicate_semi.o(.text) for __semihosting_library_function
    rtexit2.o(.ARM.Collect$$rtexit$$00000003) refers to libshutdown.o(.ARM.Collect$$libshutdown$$00000000) for __rt_lib_shutdown
    rtexit2.o(.ARM.Collect$$rtexit$$00000004) refers to sys_exit.o(.text) for _sys_exit
    rtexit2.o(.ARM.exidx) refers to rtexit2.o(.ARM.Collect$$rtexit$$00000001) for .ARM.Collect$$rtexit$$00000001
    rtexit2.o(.ARM.exidx) refers to rtexit2.o(.ARM.Collect$$rtexit$$00000003) for .ARM.Collect$$rtexit$$00000003
    rtexit2.o(.ARM.exidx) refers to rtexit2.o(.ARM.Collect$$rtexit$$00000004) for .ARM.Collect$$rtexit$$00000004
    __raise.o(.text) refers to defsig.o(CL$$defsig) for __default_signal_handler
    defsig_general.o(.text) refers to sys_wrch.o(.text) for _ttywrch
    argv_veneer.o(.emb_text) refers to no_argv.o(.text) for __ARM_get_argv
    sys_wrch.o(.text) refers (Special) to use_no_semi.o(.text) for __I$use$semihosting
    sys_wrch.o(.text) refers (Special) to indicate_semi.o(.text) for __semihosting_library_function
    defsig.o(CL$$defsig) refers to defsig_fpe_inner.o(.text) for __rt_SIGFPE_inner
    defsig.o(CL$$defsig) refers to defsig_rtmem_inner.o(.text) for __rt_SIGRTMEM_inner
    _get_argv_nomalloc.o(.text) refers (Special) to hrguard.o(.text) for __heap_region$guard
    _get_argv_nomalloc.o(.text) refers to defsig_rtmem_outer.o(.text) for __rt_SIGRTMEM
    _get_argv_nomalloc.o(.text) refers to sys_command.o(.text) for _sys_command_string
    libshutdown.o(.ARM.Collect$$libshutdown$$00000000) refers (Special) to libshutdown2.o(.ARM.Collect$$libshutdown$$00000002) for __rt_lib_shutdown_cpp_1
    libshutdown.o(.ARM.Collect$$libshutdown$$00000000) refers (Special) to libshutdown2.o(.ARM.Collect$$libshutdown$$00000007) for __rt_lib_shutdown_fp_trap_1
    libshutdown.o(.ARM.Collect$$libshutdown$$00000000) refers (Special) to libshutdown2.o(.ARM.Collect$$libshutdown$$0000000F) for __rt_lib_shutdown_heap_1
    libshutdown.o(.ARM.Collect$$libshutdown$$00000000) refers (Special) to libshutdown2.o(.ARM.Collect$$libshutdown$$00000010) for __rt_lib_shutdown_return
    libshutdown.o(.ARM.Collect$$libshutdown$$00000000) refers (Special) to libshutdown2.o(.ARM.Collect$$libshutdown$$0000000A) for __rt_lib_shutdown_signal_1
    libshutdown.o(.ARM.Collect$$libshutdown$$00000000) refers (Special) to libshutdown2.o(.ARM.Collect$$libshutdown$$00000004) for __rt_lib_shutdown_stdio_1
    libshutdown.o(.ARM.Collect$$libshutdown$$00000000) refers (Special) to libshutdown2.o(.ARM.Collect$$libshutdown$$0000000C) for __rt_lib_shutdown_user_alloc_1
    sys_command.o(.text) refers (Special) to use_no_semi.o(.text) for __I$use$semihosting
    sys_command.o(.text) refers (Special) to indicate_semi.o(.text) for __semihosting_library_function
    defsig_abrt_inner.o(.text) refers to defsig_general.o(.text) for __default_signal_display
    defsig_rtred_inner.o(.text) refers to defsig_general.o(.text) for __default_signal_display
    defsig_rtmem_inner.o(.text) refers to defsig_general.o(.text) for __default_signal_display
    defsig_rtmem_outer.o(.text) refers to defsig_rtmem_inner.o(.text) for __rt_SIGRTMEM_inner
    defsig_rtmem_outer.o(.text) refers to defsig_exit.o(.text) for __sig_exit
    defsig_rtmem_formal.o(.text) refers to rt_raise.o(.text) for __rt_raise
    defsig_stak_inner.o(.text) refers to defsig_general.o(.text) for __default_signal_display
    defsig_pvfn_inner.o(.text) refers to defsig_general.o(.text) for __default_signal_display
    defsig_cppl_inner.o(.text) refers to defsig_general.o(.text) for __default_signal_display
    defsig_segv_inner.o(.text) refers to defsig_general.o(.text) for __default_signal_display
    defsig_other.o(.text) refers to defsig_general.o(.text) for __default_signal_display


==============================================================================

Removing Unused input sections from the image.

    Removing basei2c.o(.rev16_text), (4 bytes).
    Removing basei2c.o(.revsh_text), (4 bytes).
    Removing basei2c.o(.rrx_text), (6 bytes).
    Removing glcd_mcb1700.o(.rev16_text), (4 bytes).
    Removing glcd_mcb1700.o(.revsh_text), (4 bytes).
    Removing glcd_mcb1700.o(.rrx_text), (6 bytes).
    Removing glcd_mcb1700.o(i.GLCD_DrawBargraph), (108 bytes).
    Removing glcd_mcb1700.o(i.GLCD_DrawBitmap), (92 bytes).
    Removing glcd_mcb1700.o(i.GLCD_DrawChar), (208 bytes).
    Removing glcd_mcb1700.o(i.GLCD_DrawPixel), (128 bytes).
    Removing glcd_mcb1700.o(i.GLCD_DrawString), (44 bytes).
    Removing glcd_mcb1700.o(i.GLCD_FrameBufferAccess), (8 bytes).
    Removing glcd_mcb1700.o(i.GLCD_FrameBufferAddress), (4 bytes).
    Removing glcd_mcb1700.o(i.GLCD_SetBackgroundColor), (16 bytes).
    Removing glcd_mcb1700.o(i.GLCD_Uninitialize), (36 bytes).
    Removing glcd_mcb1700.o(i.GLCD_VScroll), (8 bytes).
    Removing glcd_mcb1700.o(i.wr_dat), (76 bytes).
    Removing i2c_lpc17xx.o(.rev16_text), (4 bytes).
    Removing i2c_lpc17xx.o(.revsh_text), (4 bytes).
    Removing i2c_lpc17xx.o(.rrx_text), (6 bytes).
    Removing ssp_lpc17xx.o(.rev16_text), (4 bytes).
    Removing ssp_lpc17xx.o(.revsh_text), (4 bytes).
    Removing ssp_lpc17xx.o(.rrx_text), (6 bytes).
    Removing gpdma_lpc17xx.o(.rev16_text), (4 bytes).
    Removing gpdma_lpc17xx.o(.revsh_text), (4 bytes).
    Removing gpdma_lpc17xx.o(.rrx_text), (6 bytes).
    Removing gpdma_lpc17xx.o(i.GPDMA_ChannelEnable), (60 bytes).
    Removing gpdma_lpc17xx.o(i.GPDMA_ChannelGetStatus), (36 bytes).
    Removing gpio_lpc17xx.o(.rev16_text), (4 bytes).
    Removing gpio_lpc17xx.o(.revsh_text), (4 bytes).
    Removing gpio_lpc17xx.o(.rrx_text), (6 bytes).
    Removing gpio_lpc17xx.o(i.GPIO_PortRead), (20 bytes).
    Removing gpio_lpc17xx.o(i.GPIO_PortWrite), (32 bytes).
    Removing pin_lpc17xx.o(.rev16_text), (4 bytes).
    Removing pin_lpc17xx.o(.revsh_text), (4 bytes).
    Removing pin_lpc17xx.o(.rrx_text), (6 bytes).
    Removing pin_lpc17xx.o(i.PIN_ConfigureTPIU), (40 bytes).
    Removing system_lpc17xx.o(.rev16_text), (4 bytes).
    Removing system_lpc17xx.o(.revsh_text), (4 bytes).
    Removing system_lpc17xx.o(.rrx_text), (6 bytes).
    Removing system_lpc17xx.o(i.SystemCoreClockUpdate), (424 bytes).

41 unused section(s) (total 1452 bytes) removed from the image.

==============================================================================

Image Symbol Table

    Local Symbols

    Symbol Name                              Value     Ov Type        Size  Object(Section)

    RESET                                    0x00000000   Section      204  startup_lpc17xx.o(RESET)
    ../clib/angel/boardlib.s                 0x00000000   Number         0  boardshut.o ABSOLUTE
    ../clib/angel/boardlib.s                 0x00000000   Number         0  boardinit3.o ABSOLUTE
    ../clib/angel/boardlib.s                 0x00000000   Number         0  boardinit1.o ABSOLUTE
    ../clib/angel/boardlib.s                 0x00000000   Number         0  boardinit2.o ABSOLUTE
    ../clib/angel/handlers.s                 0x00000000   Number         0  __scatter_copy.o ABSOLUTE
    ../clib/angel/handlers.s                 0x00000000   Number         0  __scatter_zi.o ABSOLUTE
    ../clib/angel/kernel.s                   0x00000000   Number         0  rtexit2.o ABSOLUTE
    ../clib/angel/kernel.s                   0x00000000   Number         0  __rtentry2.o ABSOLUTE
    ../clib/angel/kernel.s                   0x00000000   Number         0  __rtentry4.o ABSOLUTE
    ../clib/angel/kernel.s                   0x00000000   Number         0  rtexit.o ABSOLUTE
    ../clib/angel/kernel.s                   0x00000000   Number         0  __rtentry.o ABSOLUTE
    ../clib/angel/rt.s                       0x00000000   Number         0  aeabi_ldiv0_sigfpe.o ABSOLUTE
    ../clib/angel/rt.s                       0x00000000   Number         0  rt_raise.o ABSOLUTE
    ../clib/angel/rt.s                       0x00000000   Number         0  rt_div0.o ABSOLUTE
    ../clib/angel/rt.s                       0x00000000   Number         0  aeabi_ldiv0.o ABSOLUTE
    ../clib/angel/scatter.s                  0x00000000   Number         0  __scatter.o ABSOLUTE
    ../clib/angel/startup.s                  0x00000000   Number         0  __main.o ABSOLUTE
    ../clib/angel/sys.s                      0x00000000   Number         0  sys_stackheap_outer.o ABSOLUTE
    ../clib/angel/sys.s                      0x00000000   Number         0  use_no_semi.o ABSOLUTE
    ../clib/angel/sys.s                      0x00000000   Number         0  libspace.o ABSOLUTE
    ../clib/angel/sys.s                      0x00000000   Number         0  indicate_semi.o ABSOLUTE
    ../clib/angel/sysapp.c                   0x00000000   Number         0  sys_exit.o ABSOLUTE
    ../clib/angel/sysapp.c                   0x00000000   Number         0  sys_wrch.o ABSOLUTE
    ../clib/angel/sysapp.c                   0x00000000   Number         0  sys_command.o ABSOLUTE
    ../clib/armsys.c                         0x00000000   Number         0  argv_veneer.o ABSOLUTE
    ../clib/armsys.c                         0x00000000   Number         0  no_argv.o ABSOLUTE
    ../clib/armsys.c                         0x00000000   Number         0  argv_veneer.o ABSOLUTE
    ../clib/armsys.c                         0x00000000   Number         0  _get_argv_nomalloc.o ABSOLUTE
    ../clib/heapalloc.c                      0x00000000   Number         0  hrguard.o ABSOLUTE
    ../clib/heapaux.c                        0x00000000   Number         0  heapauxi.o ABSOLUTE
    ../clib/libinit.s                        0x00000000   Number         0  libshutdown2.o ABSOLUTE
    ../clib/libinit.s                        0x00000000   Number         0  libinit.o ABSOLUTE
    ../clib/libinit.s                        0x00000000   Number         0  libshutdown.o ABSOLUTE
    ../clib/libinit.s                        0x00000000   Number         0  libinit2.o ABSOLUTE
    ../clib/longlong.s                       0x00000000   Number         0  lludivv7m.o ABSOLUTE
    ../clib/memcpset.s                       0x00000000   Number         0  rt_memclr_w.o ABSOLUTE
    ../clib/signal.c                         0x00000000   Number         0  defsig_cppl_inner.o ABSOLUTE
    ../clib/signal.c                         0x00000000   Number         0  defsig_stak_inner.o ABSOLUTE
    ../clib/signal.c                         0x00000000   Number         0  defsig_rtmem_formal.o ABSOLUTE
    ../clib/signal.c                         0x00000000   Number         0  defsig_rtmem_outer.o ABSOLUTE
    ../clib/signal.c                         0x00000000   Number         0  defsig_rtmem_inner.o ABSOLUTE
    ../clib/signal.c                         0x00000000   Number         0  defsig_rtred_inner.o ABSOLUTE
    ../clib/signal.c                         0x00000000   Number         0  defsig_abrt_inner.o ABSOLUTE
    ../clib/signal.c                         0x00000000   Number         0  defsig_exit.o ABSOLUTE
    ../clib/signal.c                         0x00000000   Number         0  defsig_general.o ABSOLUTE
    ../clib/signal.c                         0x00000000   Number         0  __raise.o ABSOLUTE
    ../clib/signal.c                         0x00000000   Number         0  defsig_fpe_inner.o ABSOLUTE
    ../clib/signal.c                         0x00000000   Number         0  defsig_pvfn_inner.o ABSOLUTE
    ../clib/signal.c                         0x00000000   Number         0  defsig_other.o ABSOLUTE
    ../clib/signal.c                         0x00000000   Number         0  defsig_segv_inner.o ABSOLUTE
    ../clib/signal.c                         0x00000000   Number         0  defsig_fpe_formal.o ABSOLUTE
    ../clib/signal.c                         0x00000000   Number         0  defsig_fpe_outer.o ABSOLUTE
    ../clib/signal.s                         0x00000000   Number         0  defsig.o ABSOLUTE
    ../clib/stdlib.c                         0x00000000   Number         0  exit.o ABSOLUTE
    ../fplib/fpinit.s                        0x00000000   Number         0  fpinit.o ABSOLUTE
    C:\Keil_v5\ARM\PACK\Keil\LPC1700_DFP\2.4.0\Boards\Keil\MCB1700\Common\GLCD_Fonts.c 0x00000000   Number         0  glcd_fonts.o ABSOLUTE
    C:\Keil_v5\ARM\PACK\Keil\LPC1700_DFP\2.4.0\Boards\Keil\MCB1700\Common\GLCD_MCB1700.c 0x00000000   Number         0  glcd_mcb1700.o ABSOLUTE
    C:\Keil_v5\ARM\PACK\Keil\LPC1700_DFP\2.4.0\RTE_Driver\GPDMA_LPC17xx.c 0x00000000   Number         0  gpdma_lpc17xx.o ABSOLUTE
    C:\Keil_v5\ARM\PACK\Keil\LPC1700_DFP\2.4.0\RTE_Driver\GPIO_LPC17xx.c 0x00000000   Number         0  gpio_lpc17xx.o ABSOLUTE
    C:\Keil_v5\ARM\PACK\Keil\LPC1700_DFP\2.4.0\RTE_Driver\I2C_LPC17xx.c 0x00000000   Number         0  i2c_lpc17xx.o ABSOLUTE
    C:\Keil_v5\ARM\PACK\Keil\LPC1700_DFP\2.4.0\RTE_Driver\PIN_LPC17xx.c 0x00000000   Number         0  pin_lpc17xx.o ABSOLUTE
    C:\Keil_v5\ARM\PACK\Keil\LPC1700_DFP\2.4.0\RTE_Driver\SSP_LPC17xx.c 0x00000000   Number         0  ssp_lpc17xx.o ABSOLUTE
    C:\\Keil_v5\\ARM\\PACK\\Keil\\LPC1700_DFP\\2.4.0\\Boards\\Keil\\MCB1700\\Common\\GLCD_MCB1700.c 0x00000000   Number         0  glcd_mcb1700.o ABSOLUTE
    C:\\Keil_v5\\ARM\\PACK\\Keil\\LPC1700_DFP\\2.4.0\\RTE_Driver\\GPDMA_LPC17xx.c 0x00000000   Number         0  gpdma_lpc17xx.o ABSOLUTE
    C:\\Keil_v5\\ARM\\PACK\\Keil\\LPC1700_DFP\\2.4.0\\RTE_Driver\\GPIO_LPC17xx.c 0x00000000   Number         0  gpio_lpc17xx.o ABSOLUTE
    C:\\Keil_v5\\ARM\\PACK\\Keil\\LPC1700_DFP\\2.4.0\\RTE_Driver\\I2C_LPC17xx.c 0x00000000   Number         0  i2c_lpc17xx.o ABSOLUTE
    C:\\Keil_v5\\ARM\\PACK\\Keil\\LPC1700_DFP\\2.4.0\\RTE_Driver\\PIN_LPC17xx.c 0x00000000   Number         0  pin_lpc17xx.o ABSOLUTE
    C:\\Keil_v5\\ARM\\PACK\\Keil\\LPC1700_DFP\\2.4.0\\RTE_Driver\\SSP_LPC17xx.c 0x00000000   Number         0  ssp_lpc17xx.o ABSOLUTE
    RTE\Device\LPC1768\startup_LPC17xx.s     0x00000000   Number         0  startup_lpc17xx.o ABSOLUTE
    RTE\Device\LPC1768\system_LPC17xx.c      0x00000000   Number         0  system_lpc17xx.o ABSOLUTE
    RTE\\Device\\LPC1768\\system_LPC17xx.c   0x00000000   Number         0  system_lpc17xx.o ABSOLUTE
    baseI2C.c                                0x00000000   Number         0  basei2c.o ABSOLUTE
    baseI2C.c                                0x00000000   Number         0  basei2c.o ABSOLUTE
    dc.s                                     0x00000000   Number         0  dc.o ABSOLUTE
    !!!main                                  0x000000cc   Section        8  __main.o(!!!main)
    !!!scatter                               0x000000d4   Section       52  __scatter.o(!!!scatter)
    !!handler_copy                           0x00000108   Section       26  __scatter_copy.o(!!handler_copy)
    !!handler_zi                             0x00000124   Section       28  __scatter_zi.o(!!handler_zi)
    .ARM.Collect$$libinit$$00000000          0x00000140   Section        2  libinit.o(.ARM.Collect$$libinit$$00000000)
    .ARM.Collect$$libinit$$00000002          0x00000142   Section        0  libinit2.o(.ARM.Collect$$libinit$$00000002)
    .ARM.Collect$$libinit$$00000004          0x00000142   Section        0  libinit2.o(.ARM.Collect$$libinit$$00000004)
    .ARM.Collect$$libinit$$0000000A          0x00000142   Section        0  libinit2.o(.ARM.Collect$$libinit$$0000000A)
    .ARM.Collect$$libinit$$0000000C          0x00000142   Section        0  libinit2.o(.ARM.Collect$$libinit$$0000000C)
    .ARM.Collect$$libinit$$0000000E          0x00000142   Section        0  libinit2.o(.ARM.Collect$$libinit$$0000000E)
    .ARM.Collect$$libinit$$00000011          0x00000142   Section        0  libinit2.o(.ARM.Collect$$libinit$$00000011)
    .ARM.Collect$$libinit$$00000013          0x00000142   Section        0  libinit2.o(.ARM.Collect$$libinit$$00000013)
    .ARM.Collect$$libinit$$00000015          0x00000142   Section        0  libinit2.o(.ARM.Collect$$libinit$$00000015)
    .ARM.Collect$$libinit$$00000017          0x00000142   Section        0  libinit2.o(.ARM.Collect$$libinit$$00000017)
    .ARM.Collect$$libinit$$00000019          0x00000142   Section        0  libinit2.o(.ARM.Collect$$libinit$$00000019)
    .ARM.Collect$$libinit$$0000001B          0x00000142   Section        0  libinit2.o(.ARM.Collect$$libinit$$0000001B)
    .ARM.Collect$$libinit$$0000001D          0x00000142   Section        0  libinit2.o(.ARM.Collect$$libinit$$0000001D)
    .ARM.Collect$$libinit$$0000001F          0x00000142   Section        0  libinit2.o(.ARM.Collect$$libinit$$0000001F)
    .ARM.Collect$$libinit$$00000021          0x00000142   Section        0  libinit2.o(.ARM.Collect$$libinit$$00000021)
    .ARM.Collect$$libinit$$00000023          0x00000142   Section        0  libinit2.o(.ARM.Collect$$libinit$$00000023)
    .ARM.Collect$$libinit$$00000025          0x00000142   Section        0  libinit2.o(.ARM.Collect$$libinit$$00000025)
    .ARM.Collect$$libinit$$0000002C          0x00000142   Section        0  libinit2.o(.ARM.Collect$$libinit$$0000002C)
    .ARM.Collect$$libinit$$0000002E          0x00000142   Section        0  libinit2.o(.ARM.Collect$$libinit$$0000002E)
    .ARM.Collect$$libinit$$00000030          0x00000142   Section        0  libinit2.o(.ARM.Collect$$libinit$$00000030)
    .ARM.Collect$$libinit$$00000032          0x00000142   Section        0  libinit2.o(.ARM.Collect$$libinit$$00000032)
    .ARM.Collect$$libinit$$00000033          0x00000142   Section        2  libinit2.o(.ARM.Collect$$libinit$$00000033)
    .ARM.Collect$$libshutdown$$00000000      0x00000144   Section        2  libshutdown.o(.ARM.Collect$$libshutdown$$00000000)
    .ARM.Collect$$libshutdown$$00000002      0x00000146   Section        0  libshutdown2.o(.ARM.Collect$$libshutdown$$00000002)
    .ARM.Collect$$libshutdown$$00000004      0x00000146   Section        0  libshutdown2.o(.ARM.Collect$$libshutdown$$00000004)
    .ARM.Collect$$libshutdown$$00000007      0x00000146   Section        0  libshutdown2.o(.ARM.Collect$$libshutdown$$00000007)
    .ARM.Collect$$libshutdown$$0000000A      0x00000146   Section        0  libshutdown2.o(.ARM.Collect$$libshutdown$$0000000A)
    .ARM.Collect$$libshutdown$$0000000C      0x00000146   Section        0  libshutdown2.o(.ARM.Collect$$libshutdown$$0000000C)
    .ARM.Collect$$libshutdown$$0000000F      0x00000146   Section        0  libshutdown2.o(.ARM.Collect$$libshutdown$$0000000F)
    .ARM.Collect$$libshutdown$$00000010      0x00000146   Section        2  libshutdown2.o(.ARM.Collect$$libshutdown$$00000010)
    .ARM.Collect$$rtentry$$00000000          0x00000148   Section        0  __rtentry.o(.ARM.Collect$$rtentry$$00000000)
    .ARM.Collect$$rtentry$$00000002          0x00000148   Section        0  __rtentry2.o(.ARM.Collect$$rtentry$$00000002)
    .ARM.Collect$$rtentry$$00000004          0x00000148   Section        6  __rtentry4.o(.ARM.Collect$$rtentry$$00000004)
    .ARM.Collect$$rtentry$$00000009          0x0000014e   Section        0  __rtentry2.o(.ARM.Collect$$rtentry$$00000009)
    .ARM.Collect$$rtentry$$0000000A          0x0000014e   Section        4  __rtentry2.o(.ARM.Collect$$rtentry$$0000000A)
    .ARM.Collect$$rtentry$$0000000C          0x00000152   Section        0  __rtentry2.o(.ARM.Collect$$rtentry$$0000000C)
    .ARM.Collect$$rtentry$$0000000D          0x00000152   Section        8  __rtentry2.o(.ARM.Collect$$rtentry$$0000000D)
    .ARM.Collect$$rtexit$$00000000           0x0000015a   Section        2  rtexit.o(.ARM.Collect$$rtexit$$00000000)
    .ARM.Collect$$rtexit$$00000002           0x0000015c   Section        0  rtexit2.o(.ARM.Collect$$rtexit$$00000002)
    .ARM.Collect$$rtexit$$00000003           0x0000015c   Section        4  rtexit2.o(.ARM.Collect$$rtexit$$00000003)
    .ARM.Collect$$rtexit$$00000004           0x00000160   Section        6  rtexit2.o(.ARM.Collect$$rtexit$$00000004)
    .text                                    0x00000168   Section       60  startup_lpc17xx.o(.text)
    .text                                    0x000001a4   Section       78  rt_memclr_w.o(.text)
    .text                                    0x000001f2   Section        0  heapauxi.o(.text)
    .text                                    0x000001f8   Section       74  sys_stackheap_outer.o(.text)
    .text                                    0x00000242   Section        0  exit.o(.text)
    .text                                    0x00000254   Section        8  libspace.o(.text)
    .text                                    0x0000025c   Section        0  sys_exit.o(.text)
    .text                                    0x00000268   Section        2  use_no_semi.o(.text)
    .text                                    0x0000026a   Section        0  indicate_semi.o(.text)
    i.Clear_Channel_active_flag              0x0000026c   Section        0  gpdma_lpc17xx.o(i.Clear_Channel_active_flag)
    Clear_Channel_active_flag                0x0000026d   Thumb Code    28  gpdma_lpc17xx.o(i.Clear_Channel_active_flag)
    i.GLCD_ClearScreen                       0x0000028c   Section        0  glcd_mcb1700.o(i.GLCD_ClearScreen)
    i.GLCD_DrawHLine                         0x000002bc   Section        0  glcd_mcb1700.o(i.GLCD_DrawHLine)
    .ARM.__at_0x02FC                         0x000002fc   Section        4  startup_lpc17xx.o(.ARM.__at_0x02FC)
    i.DMA_IRQHandler                         0x00000300   Section        0  gpdma_lpc17xx.o(i.DMA_IRQHandler)
    i.GLCD_DrawRectangle                     0x00000480   Section        0  glcd_mcb1700.o(i.GLCD_DrawRectangle)
    i.GLCD_DrawVLine                         0x000004bc   Section        0  glcd_mcb1700.o(i.GLCD_DrawVLine)
    i.GLCD_Initialize                        0x000004f8   Section        0  glcd_mcb1700.o(i.GLCD_Initialize)
    i.GLCD_SetFont                           0x00000ab0   Section        0  glcd_mcb1700.o(i.GLCD_SetFont)
    i.GLCD_SetForegroundColor                0x00000ac0   Section        0  glcd_mcb1700.o(i.GLCD_SetForegroundColor)
    i.GLCD_SetWindow                         0x00000ad0   Section        0  glcd_mcb1700.o(i.GLCD_SetWindow)
    i.GLCD_WindowMax                         0x00000b7c   Section        0  glcd_mcb1700.o(i.GLCD_WindowMax)
    i.GPDMA_ChannelConfigure                 0x00000b90   Section        0  gpdma_lpc17xx.o(i.GPDMA_ChannelConfigure)
    i.GPDMA_ChannelDisable                   0x00000c84   Section        0  gpdma_lpc17xx.o(i.GPDMA_ChannelDisable)
    i.GPDMA_ChannelGetCount                  0x00000cb4   Section        0  gpdma_lpc17xx.o(i.GPDMA_ChannelGetCount)
    i.GPDMA_Initialize                       0x00000ce4   Section        0  gpdma_lpc17xx.o(i.GPDMA_Initialize)
    i.GPDMA_PeripheralSelect                 0x00000d8c   Section        0  gpdma_lpc17xx.o(i.GPDMA_PeripheralSelect)
    i.GPDMA_Uninitialize                     0x00000dd0   Section        0  gpdma_lpc17xx.o(i.GPDMA_Uninitialize)
    i.GPIO_PinRead                           0x00000e50   Section        0  gpio_lpc17xx.o(i.GPIO_PinRead)
    i.GPIO_PinWrite                          0x00000e70   Section        0  gpio_lpc17xx.o(i.GPIO_PinWrite)
    i.GPIO_PortClock                         0x00000e98   Section        0  gpio_lpc17xx.o(i.GPIO_PortClock)
    i.GPIO_SetDir                            0x00000ec4   Section        0  gpio_lpc17xx.o(i.GPIO_SetDir)
    i.GetI2CClockFreq                        0x00000efc   Section        0  i2c_lpc17xx.o(i.GetI2CClockFreq)
    GetI2CClockFreq                          0x00000efd   Thumb Code    60  i2c_lpc17xx.o(i.GetI2CClockFreq)
    i.GetSSPClockFreq                        0x00000f3c   Section        0  ssp_lpc17xx.o(i.GetSSPClockFreq)
    GetSSPClockFreq                          0x00000f3d   Thumb Code    64  ssp_lpc17xx.o(i.GetSSPClockFreq)
    i.I2C0_Control                           0x00000f80   Section        0  i2c_lpc17xx.o(i.I2C0_Control)
    I2C0_Control                             0x00000f81   Thumb Code    18  i2c_lpc17xx.o(i.I2C0_Control)
    i.I2C0_GetDataCount                      0x00000f98   Section        0  i2c_lpc17xx.o(i.I2C0_GetDataCount)
    I2C0_GetDataCount                        0x00000f99   Thumb Code    10  i2c_lpc17xx.o(i.I2C0_GetDataCount)
    i.I2C0_GetStatus                         0x00000fa8   Section        0  i2c_lpc17xx.o(i.I2C0_GetStatus)
    I2C0_GetStatus                           0x00000fa9   Thumb Code    12  i2c_lpc17xx.o(i.I2C0_GetStatus)
    i.I2C0_IRQHandler                        0x00000fb8   Section        0  i2c_lpc17xx.o(i.I2C0_IRQHandler)
    i.I2C0_Initialize                        0x00000fc8   Section        0  i2c_lpc17xx.o(i.I2C0_Initialize)
    I2C0_Initialize                          0x00000fc9   Thumb Code    14  i2c_lpc17xx.o(i.I2C0_Initialize)
    i.I2C0_MasterReceive                     0x00000fdc   Section        0  i2c_lpc17xx.o(i.I2C0_MasterReceive)
    I2C0_MasterReceive                       0x00000fdd   Thumb Code    28  i2c_lpc17xx.o(i.I2C0_MasterReceive)
    i.I2C0_MasterTransmit                    0x00000ffc   Section        0  i2c_lpc17xx.o(i.I2C0_MasterTransmit)
    I2C0_MasterTransmit                      0x00000ffd   Thumb Code    28  i2c_lpc17xx.o(i.I2C0_MasterTransmit)
    i.I2C0_PowerControl                      0x0000101c   Section        0  i2c_lpc17xx.o(i.I2C0_PowerControl)
    I2C0_PowerControl                        0x0000101d   Thumb Code    14  i2c_lpc17xx.o(i.I2C0_PowerControl)
    i.I2C0_SlaveReceive                      0x00001030   Section        0  i2c_lpc17xx.o(i.I2C0_SlaveReceive)
    I2C0_SlaveReceive                        0x00001031   Thumb Code    18  i2c_lpc17xx.o(i.I2C0_SlaveReceive)
    i.I2C0_SlaveTransmit                     0x00001048   Section        0  i2c_lpc17xx.o(i.I2C0_SlaveTransmit)
    I2C0_SlaveTransmit                       0x00001049   Thumb Code    18  i2c_lpc17xx.o(i.I2C0_SlaveTransmit)
    i.I2C0_Uninitialize                      0x00001060   Section        0  i2c_lpc17xx.o(i.I2C0_Uninitialize)
    I2C0_Uninitialize                        0x00001061   Thumb Code    10  i2c_lpc17xx.o(i.I2C0_Uninitialize)
    i.I2C_GetCapabilities                    0x00001070   Section        0  i2c_lpc17xx.o(i.I2C_GetCapabilities)
    I2C_GetCapabilities                      0x00001071   Thumb Code     6  i2c_lpc17xx.o(i.I2C_GetCapabilities)
    i.I2C_GetVersion                         0x0000107c   Section        0  i2c_lpc17xx.o(i.I2C_GetVersion)
    I2C_GetVersion                           0x0000107d   Thumb Code    10  i2c_lpc17xx.o(i.I2C_GetVersion)
    i.I2Cx_Control                           0x0000108c   Section        0  i2c_lpc17xx.o(i.I2Cx_Control)
    I2Cx_Control                             0x0000108d   Thumb Code   378  i2c_lpc17xx.o(i.I2Cx_Control)
    i.I2Cx_GetDataCount                      0x00001218   Section        0  i2c_lpc17xx.o(i.I2Cx_GetDataCount)
    I2Cx_GetDataCount                        0x00001219   Thumb Code     8  i2c_lpc17xx.o(i.I2Cx_GetDataCount)
    i.I2Cx_GetStatus                         0x00001220   Section        0  i2c_lpc17xx.o(i.I2Cx_GetStatus)
    I2Cx_GetStatus                           0x00001221   Thumb Code     8  i2c_lpc17xx.o(i.I2Cx_GetStatus)
    i.I2Cx_IRQHandler                        0x00001228   Section        0  i2c_lpc17xx.o(i.I2Cx_IRQHandler)
    I2Cx_IRQHandler                          0x00001229   Thumb Code    48  i2c_lpc17xx.o(i.I2Cx_IRQHandler)
    i.I2Cx_Initialize                        0x00001258   Section        0  i2c_lpc17xx.o(i.I2Cx_Initialize)
    I2Cx_Initialize                          0x00001259   Thumb Code    78  i2c_lpc17xx.o(i.I2Cx_Initialize)
    i.I2Cx_MasterHandler                     0x000012a6   Section        0  i2c_lpc17xx.o(i.I2Cx_MasterHandler)
    I2Cx_MasterHandler                       0x000012a7   Thumb Code   462  i2c_lpc17xx.o(i.I2Cx_MasterHandler)
    i.I2Cx_MasterReceive                     0x00001474   Section        0  i2c_lpc17xx.o(i.I2Cx_MasterReceive)
    I2Cx_MasterReceive                       0x00001475   Thumb Code   206  i2c_lpc17xx.o(i.I2Cx_MasterReceive)
    i.I2Cx_MasterTransmit                    0x00001542   Section        0  i2c_lpc17xx.o(i.I2Cx_MasterTransmit)
    I2Cx_MasterTransmit                      0x00001543   Thumb Code   204  i2c_lpc17xx.o(i.I2Cx_MasterTransmit)
    i.I2Cx_PowerControl                      0x0000160e   Section        0  i2c_lpc17xx.o(i.I2Cx_PowerControl)
    I2Cx_PowerControl                        0x0000160f   Thumb Code   320  i2c_lpc17xx.o(i.I2Cx_PowerControl)
    i.I2Cx_SlaveHandler                      0x0000174e   Section        0  i2c_lpc17xx.o(i.I2Cx_SlaveHandler)
    I2Cx_SlaveHandler                        0x0000174f   Thumb Code   468  i2c_lpc17xx.o(i.I2Cx_SlaveHandler)
    i.I2Cx_SlaveReceive                      0x00001922   Section        0  i2c_lpc17xx.o(i.I2Cx_SlaveReceive)
    I2Cx_SlaveReceive                        0x00001923   Thumb Code   116  i2c_lpc17xx.o(i.I2Cx_SlaveReceive)
    i.I2Cx_SlaveTransmit                     0x00001996   Section        0  i2c_lpc17xx.o(i.I2Cx_SlaveTransmit)
    I2Cx_SlaveTransmit                       0x00001997   Thumb Code   116  i2c_lpc17xx.o(i.I2Cx_SlaveTransmit)
    i.I2Cx_Uninitialize                      0x00001a0a   Section        0  i2c_lpc17xx.o(i.I2Cx_Uninitialize)
    I2Cx_Uninitialize                        0x00001a0b   Thumb Code    48  i2c_lpc17xx.o(i.I2Cx_Uninitialize)
    i.Init_I2C                               0x00001a3c   Section        0  basei2c.o(i.Init_I2C)
    i.PIN_Configure                          0x00001a68   Section        0  pin_lpc17xx.o(i.PIN_Configure)
    i.PIN_ConfigureI2C0Pins                  0x00001b64   Section        0  pin_lpc17xx.o(i.PIN_ConfigureI2C0Pins)
    i.SSP1_Control                           0x00001b84   Section        0  ssp_lpc17xx.o(i.SSP1_Control)
    SSP1_Control                             0x00001b85   Thumb Code    18  ssp_lpc17xx.o(i.SSP1_Control)
    i.SSP1_GPDMA_Rx_SignalEvent              0x00001b9c   Section        0  ssp_lpc17xx.o(i.SSP1_GPDMA_Rx_SignalEvent)
    i.SSP1_GPDMA_Tx_SignalEvent              0x00001bb0   Section        0  ssp_lpc17xx.o(i.SSP1_GPDMA_Tx_SignalEvent)
    i.SSP1_GetDataCount                      0x00001bc4   Section        0  ssp_lpc17xx.o(i.SSP1_GetDataCount)
    SSP1_GetDataCount                        0x00001bc5   Thumb Code    10  ssp_lpc17xx.o(i.SSP1_GetDataCount)
    i.SSP1_GetStatus                         0x00001bd4   Section        0  ssp_lpc17xx.o(i.SSP1_GetStatus)
    SSP1_GetStatus                           0x00001bd5   Thumb Code    12  ssp_lpc17xx.o(i.SSP1_GetStatus)
    i.SSP1_IRQHandler                        0x00001be4   Section        0  ssp_lpc17xx.o(i.SSP1_IRQHandler)
    i.SSP1_Initialize                        0x00001bf4   Section        0  ssp_lpc17xx.o(i.SSP1_Initialize)
    SSP1_Initialize                          0x00001bf5   Thumb Code    14  ssp_lpc17xx.o(i.SSP1_Initialize)
    i.SSP1_PowerControl                      0x00001c08   Section        0  ssp_lpc17xx.o(i.SSP1_PowerControl)
    SSP1_PowerControl                        0x00001c09   Thumb Code    14  ssp_lpc17xx.o(i.SSP1_PowerControl)
    i.SSP1_Receive                           0x00001c1c   Section        0  ssp_lpc17xx.o(i.SSP1_Receive)
    SSP1_Receive                             0x00001c1d   Thumb Code    18  ssp_lpc17xx.o(i.SSP1_Receive)
    i.SSP1_Send                              0x00001c34   Section        0  ssp_lpc17xx.o(i.SSP1_Send)
    SSP1_Send                                0x00001c35   Thumb Code    18  ssp_lpc17xx.o(i.SSP1_Send)
    i.SSP1_Transfer                          0x00001c4c   Section        0  ssp_lpc17xx.o(i.SSP1_Transfer)
    SSP1_Transfer                            0x00001c4d   Thumb Code    22  ssp_lpc17xx.o(i.SSP1_Transfer)
    i.SSP1_Uninitialize                      0x00001c68   Section        0  ssp_lpc17xx.o(i.SSP1_Uninitialize)
    SSP1_Uninitialize                        0x00001c69   Thumb Code    10  ssp_lpc17xx.o(i.SSP1_Uninitialize)
    i.SSP_GetCapabilities                    0x00001c78   Section        0  ssp_lpc17xx.o(i.SSP_GetCapabilities)
    SSP_GetCapabilities                      0x00001c79   Thumb Code     6  ssp_lpc17xx.o(i.SSP_GetCapabilities)
    i.SSP_GetVersion                         0x00001c84   Section        0  ssp_lpc17xx.o(i.SSP_GetVersion)
    SSP_GetVersion                           0x00001c85   Thumb Code    10  ssp_lpc17xx.o(i.SSP_GetVersion)
    i.SSPx_Control                           0x00001c94   Section        0  ssp_lpc17xx.o(i.SSPx_Control)
    SSPx_Control                             0x00001c95   Thumb Code  1310  ssp_lpc17xx.o(i.SSPx_Control)
    i.SSPx_GPDMA_Rx_SignalEvent              0x000021b2   Section        0  ssp_lpc17xx.o(i.SSPx_GPDMA_Rx_SignalEvent)
    i.SSPx_GPDMA_Tx_SignalEvent              0x000021e8   Section        0  ssp_lpc17xx.o(i.SSPx_GPDMA_Tx_SignalEvent)
    i.SSPx_GetDataCount                      0x00002204   Section        0  ssp_lpc17xx.o(i.SSPx_GetDataCount)
    SSPx_GetDataCount                        0x00002205   Thumb Code    44  ssp_lpc17xx.o(i.SSPx_GetDataCount)
    i.SSPx_GetStatus                         0x00002230   Section        0  ssp_lpc17xx.o(i.SSPx_GetStatus)
    SSPx_GetStatus                           0x00002231   Thumb Code    90  ssp_lpc17xx.o(i.SSPx_GetStatus)
    i.SSPx_IRQHandler                        0x0000228a   Section        0  ssp_lpc17xx.o(i.SSPx_IRQHandler)
    SSPx_IRQHandler                          0x0000228b   Thumb Code   260  ssp_lpc17xx.o(i.SSPx_IRQHandler)
    i.SSPx_Initialize                        0x0000238e   Section        0  ssp_lpc17xx.o(i.SSPx_Initialize)
    SSPx_Initialize                          0x0000238f   Thumb Code   168  ssp_lpc17xx.o(i.SSPx_Initialize)
    i.SSPx_PowerControl                      0x00002438   Section        0  ssp_lpc17xx.o(i.SSPx_PowerControl)
    SSPx_PowerControl                        0x00002439   Thumb Code   430  ssp_lpc17xx.o(i.SSPx_PowerControl)
    i.SSPx_Receive                           0x000025ec   Section        0  ssp_lpc17xx.o(i.SSPx_Receive)
    SSPx_Receive                             0x000025ed   Thumb Code   344  ssp_lpc17xx.o(i.SSPx_Receive)
    i.SSPx_Send                              0x00002748   Section        0  ssp_lpc17xx.o(i.SSPx_Send)
    SSPx_Send                                0x00002749   Thumb Code   336  ssp_lpc17xx.o(i.SSPx_Send)
    i.SSPx_Transfer                          0x0000289c   Section        0  ssp_lpc17xx.o(i.SSPx_Transfer)
    SSPx_Transfer                            0x0000289d   Thumb Code   338  ssp_lpc17xx.o(i.SSPx_Transfer)
    i.SSPx_Uninitialize                      0x000029ee   Section        0  ssp_lpc17xx.o(i.SSPx_Uninitialize)
    SSPx_Uninitialize                        0x000029ef   Thumb Code   112  ssp_lpc17xx.o(i.SSPx_Uninitialize)
    i.Set_Channel_active_flag                0x00002a60   Section        0  gpdma_lpc17xx.o(i.Set_Channel_active_flag)
    Set_Channel_active_flag                  0x00002a61   Thumb Code    50  gpdma_lpc17xx.o(i.Set_Channel_active_flag)
    i.SystemInit                             0x00002a98   Section        0  system_lpc17xx.o(i.SystemInit)
    i.TIMER0_IRQHandler                      0x00002bd8   Section        0  basei2c.o(i.TIMER0_IRQHandler)
    i.Timer_Init                             0x00002cdc   Section        0  basei2c.o(i.Timer_Init)
    i.__NVIC_ClearPendingIRQ                 0x00002d08   Section        0  i2c_lpc17xx.o(i.__NVIC_ClearPendingIRQ)
    __NVIC_ClearPendingIRQ                   0x00002d09   Thumb Code    22  i2c_lpc17xx.o(i.__NVIC_ClearPendingIRQ)
    i.__NVIC_ClearPendingIRQ                 0x00002d24   Section        0  ssp_lpc17xx.o(i.__NVIC_ClearPendingIRQ)
    __NVIC_ClearPendingIRQ                   0x00002d25   Thumb Code    22  ssp_lpc17xx.o(i.__NVIC_ClearPendingIRQ)
    i.__NVIC_ClearPendingIRQ                 0x00002d40   Section        0  gpdma_lpc17xx.o(i.__NVIC_ClearPendingIRQ)
    __NVIC_ClearPendingIRQ                   0x00002d41   Thumb Code    22  gpdma_lpc17xx.o(i.__NVIC_ClearPendingIRQ)
    i.__NVIC_DisableIRQ                      0x00002d5c   Section        0  i2c_lpc17xx.o(i.__NVIC_DisableIRQ)
    __NVIC_DisableIRQ                        0x00002d5d   Thumb Code    54  i2c_lpc17xx.o(i.__NVIC_DisableIRQ)
    i.__NVIC_EnableIRQ                       0x00002d98   Section        0  i2c_lpc17xx.o(i.__NVIC_EnableIRQ)
    __NVIC_EnableIRQ                         0x00002d99   Thumb Code    26  i2c_lpc17xx.o(i.__NVIC_EnableIRQ)
    i.__NVIC_SetPriority                     0x00002db4   Section        0  basei2c.o(i.__NVIC_SetPriority)
    __NVIC_SetPriority                       0x00002db5   Thumb Code    32  basei2c.o(i.__NVIC_SetPriority)
    i.delay_ms                               0x00002ddc   Section        0  glcd_mcb1700.o(i.delay_ms)
    delay_ms                                 0x00002ddd   Thumb Code    38  glcd_mcb1700.o(i.delay_ms)
    i.main                                   0x00002e08   Section        0  basei2c.o(i.main)
    i.rd_dat                                 0x00002ea8   Section        0  glcd_mcb1700.o(i.rd_dat)
    rd_dat                                   0x00002ea9   Thumb Code    64  glcd_mcb1700.o(i.rd_dat)
    i.rd_id_man                              0x00002eec   Section        0  glcd_mcb1700.o(i.rd_id_man)
    rd_id_man                                0x00002eed   Thumb Code   196  glcd_mcb1700.o(i.rd_id_man)
    i.rd_reg                                 0x00002fb4   Section        0  glcd_mcb1700.o(i.rd_reg)
    rd_reg                                   0x00002fb5   Thumb Code    16  glcd_mcb1700.o(i.rd_reg)
    i.read1byte                              0x00002fc4   Section        0  basei2c.o(i.read1byte)
    i.spi_tran                               0x00003018   Section        0  glcd_mcb1700.o(i.spi_tran)
    spi_tran                                 0x00003019   Thumb Code    40  glcd_mcb1700.o(i.spi_tran)
    i.spi_tran_man                           0x00003044   Section        0  glcd_mcb1700.o(i.spi_tran_man)
    spi_tran_man                             0x00003045   Thumb Code   132  glcd_mcb1700.o(i.spi_tran_man)
    i.wr_cmd                                 0x000030cc   Section        0  glcd_mcb1700.o(i.wr_cmd)
    wr_cmd                                   0x000030cd   Thumb Code    70  glcd_mcb1700.o(i.wr_cmd)
    i.wr_dat_only                            0x00003118   Section        0  glcd_mcb1700.o(i.wr_dat_only)
    wr_dat_only                              0x00003119   Thumb Code    46  glcd_mcb1700.o(i.wr_dat_only)
    i.wr_dat_start                           0x0000314c   Section        0  glcd_mcb1700.o(i.wr_dat_start)
    wr_dat_start                             0x0000314d   Thumb Code    20  glcd_mcb1700.o(i.wr_dat_start)
    i.wr_dat_stop                            0x00003164   Section        0  glcd_mcb1700.o(i.wr_dat_stop)
    wr_dat_stop                              0x00003165   Thumb Code    14  glcd_mcb1700.o(i.wr_dat_stop)
    i.wr_reg                                 0x00003178   Section        0  glcd_mcb1700.o(i.wr_reg)
    wr_reg                                   0x00003179   Thumb Code   140  glcd_mcb1700.o(i.wr_reg)
    i.write1byte                             0x00003208   Section        0  basei2c.o(i.write1byte)
    .constdata                               0x00003244   Section     6304  glcd_fonts.o(.constdata)
    Font_6x8_h                               0x00003244   Data         896  glcd_fonts.o(.constdata)
    Font_16x24_h                             0x000035c4   Data        5376  glcd_fonts.o(.constdata)
    .constdata                               0x00004ae4   Section      100  i2c_lpc17xx.o(.constdata)
    DriverVersion                            0x00004ae4   Data           4  i2c_lpc17xx.o(.constdata)
    DriverCapabilities                       0x00004ae8   Data           4  i2c_lpc17xx.o(.constdata)
    I2C0_Resources                           0x00004aec   Data          44  i2c_lpc17xx.o(.constdata)
    .constdata                               0x00004b48   Section      124  ssp_lpc17xx.o(.constdata)
    DriverVersion                            0x00004b48   Data           4  ssp_lpc17xx.o(.constdata)
    DriverCapabilities                       0x00004b4c   Data           4  ssp_lpc17xx.o(.constdata)
    SSP1_Resources                           0x00004b50   Data          72  ssp_lpc17xx.o(.constdata)
    .data                                    0x10000000   Section        6  basei2c.o(.data)
    x                                        0x10000002   Data           2  basei2c.o(.data)
    y                                        0x10000004   Data           2  basei2c.o(.data)
    .data                                    0x10000008   Section       17  glcd_mcb1700.o(.data)
    spi1_pins                                0x10000008   Data           8  glcd_mcb1700.o(.data)
    foreground_color                         0x10000010   Data           2  glcd_mcb1700.o(.data)
    background_color                         0x10000012   Data           2  glcd_mcb1700.o(.data)
    active_font                              0x10000014   Data           4  glcd_mcb1700.o(.data)
    Himax                                    0x10000018   Data           1  glcd_mcb1700.o(.data)
    .data                                    0x10000019   Section        4  i2c_lpc17xx.o(.data)
    .data                                    0x10000020   Section       16  ssp_lpc17xx.o(.data)
    SSP1_pin_sck                             0x10000020   Data           2  ssp_lpc17xx.o(.data)
    SSP1_pin_miso                            0x10000022   Data           2  ssp_lpc17xx.o(.data)
    SSP1_pin_mosi                            0x10000024   Data           2  ssp_lpc17xx.o(.data)
    SSP1_pin_ssel                            0x10000026   Data           2  ssp_lpc17xx.o(.data)
    dummy_data                               0x10000028   Data           4  ssp_lpc17xx.o(.data)
    dummy_data                               0x1000002c   Data           4  ssp_lpc17xx.o(.data)
    .data                                    0x10000030   Section        8  gpdma_lpc17xx.o(.data)
    Channel_active                           0x10000030   Data           4  gpdma_lpc17xx.o(.data)
    Init_cnt                                 0x10000034   Data           4  gpdma_lpc17xx.o(.data)
    .data                                    0x10000038   Section        4  system_lpc17xx.o(.data)
    .bss                                     0x1000003c   Section       36  i2c_lpc17xx.o(.bss)
    I2C0_Ctrl                                0x1000003c   Data          36  i2c_lpc17xx.o(.bss)
    .bss                                     0x10000060   Section       40  ssp_lpc17xx.o(.bss)
    SSP1_Info                                0x10000060   Data          12  ssp_lpc17xx.o(.bss)
    SSP1_Xfer                                0x1000006c   Data          28  ssp_lpc17xx.o(.bss)
    .bss                                     0x10000088   Section      160  gpdma_lpc17xx.o(.bss)
    Channel_info                             0x10000088   Data         160  gpdma_lpc17xx.o(.bss)
    .bss                                     0x10000128   Section       96  libspace.o(.bss)
    HEAP                                     0x10000188   Section        0  startup_lpc17xx.o(HEAP)
    STACK                                    0x10000188   Section      512  startup_lpc17xx.o(STACK)
    Heap_Mem                                 0x10000188   Data           0  startup_lpc17xx.o(HEAP)
    Stack_Mem                                0x10000188   Data         512  startup_lpc17xx.o(STACK)
    __initial_sp                             0x10000388   Data           0  startup_lpc17xx.o(STACK)

    Global Symbols

    Symbol Name                              Value     Ov Type        Size  Object(Section)

    BuildAttributes$$THM_ISAv4$P$D$K$B$S$PE$A:L22UL41UL21$X:L11$S22US41US21$IEEE1$IW$USESV6$~STKCKD$USESV7$~SHL$OSPACE$ROPI$EBA8$UX$STANDARDLIB$REQ8$PRES8$EABIv2 0x00000000   Number         0  anon$$obj.o ABSOLUTE
    __ARM_use_no_argv                        0x00000000   Number         0  basei2c.o ABSOLUTE
    __Vectors                                0x00000000   Data           4  startup_lpc17xx.o(RESET)
    __ARM_exceptions_init                     - Undefined Weak Reference
    __alloca_initialize                       - Undefined Weak Reference
    __arm_preinit_                            - Undefined Weak Reference
    __cpp_initialize__aeabi_                  - Undefined Weak Reference
    __cxa_finalize                            - Undefined Weak Reference
    __rt_locale                               - Undefined Weak Reference
    __sigvec_lookup                           - Undefined Weak Reference
    _atexit_init                              - Undefined Weak Reference
    _call_atexit_fns                          - Undefined Weak Reference
    _clock_init                               - Undefined Weak Reference
    _fp_trap_init                             - Undefined Weak Reference
    _fp_trap_shutdown                         - Undefined Weak Reference
    _get_lc_collate                           - Undefined Weak Reference
    _get_lc_ctype                             - Undefined Weak Reference
    _get_lc_monetary                          - Undefined Weak Reference
    _get_lc_numeric                           - Undefined Weak Reference
    _get_lc_time                              - Undefined Weak Reference
    _getenv_init                              - Undefined Weak Reference
    _handle_redirection                       - Undefined Weak Reference
    _init_alloc                               - Undefined Weak Reference
    _init_user_alloc                          - Undefined Weak Reference
    _initio                                   - Undefined Weak Reference
    _rand_init                                - Undefined Weak Reference
    _signal_finish                            - Undefined Weak Reference
    _signal_init                              - Undefined Weak Reference
    _terminate_alloc                          - Undefined Weak Reference
    _terminate_user_alloc                     - Undefined Weak Reference
    _terminateio                              - Undefined Weak Reference
    __main                                   0x000000cd   Thumb Code     8  __main.o(!!!main)
    __scatterload                            0x000000d5   Thumb Code     0  __scatter.o(!!!scatter)
    __scatterload_rt2                        0x000000d5   Thumb Code    44  __scatter.o(!!!scatter)
    __scatterload_rt2_thumb_only             0x000000d5   Thumb Code     0  __scatter.o(!!!scatter)
    __scatterload_null                       0x000000e3   Thumb Code     0  __scatter.o(!!!scatter)
    __scatterload_copy                       0x00000109   Thumb Code    26  __scatter_copy.o(!!handler_copy)
    __scatterload_zeroinit                   0x00000125   Thumb Code    28  __scatter_zi.o(!!handler_zi)
    __rt_lib_init                            0x00000141   Thumb Code     0  libinit.o(.ARM.Collect$$libinit$$00000000)
    __rt_lib_init_alloca_1                   0x00000143   Thumb Code     0  libinit2.o(.ARM.Collect$$libinit$$0000002E)
    __rt_lib_init_argv_1                     0x00000143   Thumb Code     0  libinit2.o(.ARM.Collect$$libinit$$0000002C)
    __rt_lib_init_atexit_1                   0x00000143   Thumb Code     0  libinit2.o(.ARM.Collect$$libinit$$0000001B)
    __rt_lib_init_clock_1                    0x00000143   Thumb Code     0  libinit2.o(.ARM.Collect$$libinit$$00000021)
    __rt_lib_init_cpp_1                      0x00000143   Thumb Code     0  libinit2.o(.ARM.Collect$$libinit$$00000032)
    __rt_lib_init_exceptions_1               0x00000143   Thumb Code     0  libinit2.o(.ARM.Collect$$libinit$$00000030)
    __rt_lib_init_fp_1                       0x00000143   Thumb Code     0  libinit2.o(.ARM.Collect$$libinit$$00000002)
    __rt_lib_init_fp_trap_1                  0x00000143   Thumb Code     0  libinit2.o(.ARM.Collect$$libinit$$0000001F)
    __rt_lib_init_getenv_1                   0x00000143   Thumb Code     0  libinit2.o(.ARM.Collect$$libinit$$00000023)
    __rt_lib_init_heap_1                     0x00000143   Thumb Code     0  libinit2.o(.ARM.Collect$$libinit$$0000000A)
    __rt_lib_init_lc_collate_1               0x00000143   Thumb Code     0  libinit2.o(.ARM.Collect$$libinit$$00000011)
    __rt_lib_init_lc_ctype_1                 0x00000143   Thumb Code     0  libinit2.o(.ARM.Collect$$libinit$$00000013)
    __rt_lib_init_lc_monetary_1              0x00000143   Thumb Code     0  libinit2.o(.ARM.Collect$$libinit$$00000015)
    __rt_lib_init_lc_numeric_1               0x00000143   Thumb Code     0  libinit2.o(.ARM.Collect$$libinit$$00000017)
    __rt_lib_init_lc_time_1                  0x00000143   Thumb Code     0  libinit2.o(.ARM.Collect$$libinit$$00000019)
    __rt_lib_init_preinit_1                  0x00000143   Thumb Code     0  libinit2.o(.ARM.Collect$$libinit$$00000004)
    __rt_lib_init_rand_1                     0x00000143   Thumb Code     0  libinit2.o(.ARM.Collect$$libinit$$0000000E)
    __rt_lib_init_return                     0x00000143   Thumb Code     0  libinit2.o(.ARM.Collect$$libinit$$00000033)
    __rt_lib_init_signal_1                   0x00000143   Thumb Code     0  libinit2.o(.ARM.Collect$$libinit$$0000001D)
    __rt_lib_init_stdio_1                    0x00000143   Thumb Code     0  libinit2.o(.ARM.Collect$$libinit$$00000025)
    __rt_lib_init_user_alloc_1               0x00000143   Thumb Code     0  libinit2.o(.ARM.Collect$$libinit$$0000000C)
    __rt_lib_shutdown                        0x00000145   Thumb Code     0  libshutdown.o(.ARM.Collect$$libshutdown$$00000000)
    __rt_lib_shutdown_cpp_1                  0x00000147   Thumb Code     0  libshutdown2.o(.ARM.Collect$$libshutdown$$00000002)
    __rt_lib_shutdown_fp_trap_1              0x00000147   Thumb Code     0  libshutdown2.o(.ARM.Collect$$libshutdown$$00000007)
    __rt_lib_shutdown_heap_1                 0x00000147   Thumb Code     0  libshutdown2.o(.ARM.Collect$$libshutdown$$0000000F)
    __rt_lib_shutdown_return                 0x00000147   Thumb Code     0  libshutdown2.o(.ARM.Collect$$libshutdown$$00000010)
    __rt_lib_shutdown_signal_1               0x00000147   Thumb Code     0  libshutdown2.o(.ARM.Collect$$libshutdown$$0000000A)
    __rt_lib_shutdown_stdio_1                0x00000147   Thumb Code     0  libshutdown2.o(.ARM.Collect$$libshutdown$$00000004)
    __rt_lib_shutdown_user_alloc_1           0x00000147   Thumb Code     0  libshutdown2.o(.ARM.Collect$$libshutdown$$0000000C)
    __rt_entry                               0x00000149   Thumb Code     0  __rtentry.o(.ARM.Collect$$rtentry$$00000000)
    __rt_entry_presh_1                       0x00000149   Thumb Code     0  __rtentry2.o(.ARM.Collect$$rtentry$$00000002)
    __rt_entry_sh                            0x00000149   Thumb Code     0  __rtentry4.o(.ARM.Collect$$rtentry$$00000004)
    __rt_entry_li                            0x0000014f   Thumb Code     0  __rtentry2.o(.ARM.Collect$$rtentry$$0000000A)
    __rt_entry_postsh_1                      0x0000014f   Thumb Code     0  __rtentry2.o(.ARM.Collect$$rtentry$$00000009)
    __rt_entry_main                          0x00000153   Thumb Code     0  __rtentry2.o(.ARM.Collect$$rtentry$$0000000D)
    __rt_entry_postli_1                      0x00000153   Thumb Code     0  __rtentry2.o(.ARM.Collect$$rtentry$$0000000C)
    __rt_exit                                0x0000015b   Thumb Code     0  rtexit.o(.ARM.Collect$$rtexit$$00000000)
    __rt_exit_ls                             0x0000015d   Thumb Code     0  rtexit2.o(.ARM.Collect$$rtexit$$00000003)
    __rt_exit_prels_1                        0x0000015d   Thumb Code     0  rtexit2.o(.ARM.Collect$$rtexit$$00000002)
    __rt_exit_exit                           0x00000161   Thumb Code     0  rtexit2.o(.ARM.Collect$$rtexit$$00000004)
    Reset_Handler                            0x00000169   Thumb Code     8  startup_lpc17xx.o(.text)
    NMI_Handler                              0x00000171   Thumb Code     2  startup_lpc17xx.o(.text)
    HardFault_Handler                        0x00000173   Thumb Code     2  startup_lpc17xx.o(.text)
    MemManage_Handler                        0x00000175   Thumb Code     2  startup_lpc17xx.o(.text)
    BusFault_Handler                         0x00000177   Thumb Code     2  startup_lpc17xx.o(.text)
    UsageFault_Handler                       0x00000179   Thumb Code     2  startup_lpc17xx.o(.text)
    SVC_Handler                              0x0000017b   Thumb Code     2  startup_lpc17xx.o(.text)
    DebugMon_Handler                         0x0000017d   Thumb Code     2  startup_lpc17xx.o(.text)
    PendSV_Handler                           0x0000017f   Thumb Code     2  startup_lpc17xx.o(.text)
    SysTick_Handler                          0x00000181   Thumb Code     2  startup_lpc17xx.o(.text)
    ADC_IRQHandler                           0x00000183   Thumb Code     0  startup_lpc17xx.o(.text)
    BOD_IRQHandler                           0x00000183   Thumb Code     0  startup_lpc17xx.o(.text)
    CANActivity_IRQHandler                   0x00000183   Thumb Code     0  startup_lpc17xx.o(.text)
    CAN_IRQHandler                           0x00000183   Thumb Code     0  startup_lpc17xx.o(.text)
    EINT0_IRQHandler                         0x00000183   Thumb Code     0  startup_lpc17xx.o(.text)
    EINT1_IRQHandler                         0x00000183   Thumb Code     0  startup_lpc17xx.o(.text)
    EINT2_IRQHandler                         0x00000183   Thumb Code     0  startup_lpc17xx.o(.text)
    EINT3_IRQHandler                         0x00000183   Thumb Code     0  startup_lpc17xx.o(.text)
    ENET_IRQHandler                          0x00000183   Thumb Code     0  startup_lpc17xx.o(.text)
    I2C1_IRQHandler                          0x00000183   Thumb Code     0  startup_lpc17xx.o(.text)
    I2C2_IRQHandler                          0x00000183   Thumb Code     0  startup_lpc17xx.o(.text)
    I2S_IRQHandler                           0x00000183   Thumb Code     0  startup_lpc17xx.o(.text)
    MCPWM_IRQHandler                         0x00000183   Thumb Code     0  startup_lpc17xx.o(.text)
    PLL0_IRQHandler                          0x00000183   Thumb Code     0  startup_lpc17xx.o(.text)
    PLL1_IRQHandler                          0x00000183   Thumb Code     0  startup_lpc17xx.o(.text)
    PWM1_IRQHandler                          0x00000183   Thumb Code     0  startup_lpc17xx.o(.text)
    QEI_IRQHandler                           0x00000183   Thumb Code     0  startup_lpc17xx.o(.text)
    RIT_IRQHandler                           0x00000183   Thumb Code     0  startup_lpc17xx.o(.text)
    RTC_IRQHandler                           0x00000183   Thumb Code     0  startup_lpc17xx.o(.text)
    SPI_IRQHandler                           0x00000183   Thumb Code     0  startup_lpc17xx.o(.text)
    SSP0_IRQHandler                          0x00000183   Thumb Code     0  startup_lpc17xx.o(.text)
    TIMER1_IRQHandler                        0x00000183   Thumb Code     0  startup_lpc17xx.o(.text)
    TIMER2_IRQHandler                        0x00000183   Thumb Code     0  startup_lpc17xx.o(.text)
    TIMER3_IRQHandler                        0x00000183   Thumb Code     0  startup_lpc17xx.o(.text)
    UART0_IRQHandler                         0x00000183   Thumb Code     0  startup_lpc17xx.o(.text)
    UART1_IRQHandler                         0x00000183   Thumb Code     0  startup_lpc17xx.o(.text)
    UART2_IRQHandler                         0x00000183   Thumb Code     0  startup_lpc17xx.o(.text)
    UART3_IRQHandler                         0x00000183   Thumb Code     0  startup_lpc17xx.o(.text)
    USBActivity_IRQHandler                   0x00000183   Thumb Code     0  startup_lpc17xx.o(.text)
    USB_IRQHandler                           0x00000183   Thumb Code     0  startup_lpc17xx.o(.text)
    WDT_IRQHandler                           0x00000183   Thumb Code     0  startup_lpc17xx.o(.text)
    __user_initial_stackheap                 0x00000185   Thumb Code     0  startup_lpc17xx.o(.text)
    __aeabi_memclr4                          0x000001a5   Thumb Code     0  rt_memclr_w.o(.text)
    __aeabi_memclr8                          0x000001a5   Thumb Code     0  rt_memclr_w.o(.text)
    __rt_memclr_w                            0x000001a5   Thumb Code    78  rt_memclr_w.o(.text)
    _memset_w                                0x000001a9   Thumb Code     0  rt_memclr_w.o(.text)
    __use_two_region_memory                  0x000001f3   Thumb Code     2  heapauxi.o(.text)
    __rt_heap_escrow$2region                 0x000001f5   Thumb Code     2  heapauxi.o(.text)
    __rt_heap_expand$2region                 0x000001f7   Thumb Code     2  heapauxi.o(.text)
    __user_setup_stackheap                   0x000001f9   Thumb Code    74  sys_stackheap_outer.o(.text)
    exit                                     0x00000243   Thumb Code    18  exit.o(.text)
    __user_libspace                          0x00000255   Thumb Code     8  libspace.o(.text)
    __user_perproc_libspace                  0x00000255   Thumb Code     0  libspace.o(.text)
    __user_perthread_libspace                0x00000255   Thumb Code     0  libspace.o(.text)
    _sys_exit                                0x0000025d   Thumb Code     8  sys_exit.o(.text)
    __I$use$semihosting                      0x00000269   Thumb Code     0  use_no_semi.o(.text)
    __use_no_semihosting_swi                 0x00000269   Thumb Code     2  use_no_semi.o(.text)
    __semihosting_library_function           0x0000026b   Thumb Code     0  indicate_semi.o(.text)
    GLCD_ClearScreen                         0x0000028d   Thumb Code    44  glcd_mcb1700.o(i.GLCD_ClearScreen)
    GLCD_DrawHLine                           0x000002bd   Thumb Code    56  glcd_mcb1700.o(i.GLCD_DrawHLine)
    DMA_IRQHandler                           0x00000301   Thumb Code   372  gpdma_lpc17xx.o(i.DMA_IRQHandler)
    GLCD_DrawRectangle                       0x00000481   Thumb Code    58  glcd_mcb1700.o(i.GLCD_DrawRectangle)
    GLCD_DrawVLine                           0x000004bd   Thumb Code    56  glcd_mcb1700.o(i.GLCD_DrawVLine)
    GLCD_Initialize                          0x000004f9   Thumb Code  1462  glcd_mcb1700.o(i.GLCD_Initialize)
    GLCD_SetFont                             0x00000ab1   Thumb Code    10  glcd_mcb1700.o(i.GLCD_SetFont)
    GLCD_SetForegroundColor                  0x00000ac1   Thumb Code    10  glcd_mcb1700.o(i.GLCD_SetForegroundColor)
    GLCD_SetWindow                           0x00000ad1   Thumb Code   168  glcd_mcb1700.o(i.GLCD_SetWindow)
    GLCD_WindowMax                           0x00000b7d   Thumb Code    18  glcd_mcb1700.o(i.GLCD_WindowMax)
    GPDMA_ChannelConfigure                   0x00000b91   Thumb Code   232  gpdma_lpc17xx.o(i.GPDMA_ChannelConfigure)
    GPDMA_ChannelDisable                     0x00000c85   Thumb Code    44  gpdma_lpc17xx.o(i.GPDMA_ChannelDisable)
    GPDMA_ChannelGetCount                    0x00000cb5   Thumb Code    38  gpdma_lpc17xx.o(i.GPDMA_ChannelGetCount)
    GPDMA_Initialize                         0x00000ce5   Thumb Code   146  gpdma_lpc17xx.o(i.GPDMA_Initialize)
    GPDMA_PeripheralSelect                   0x00000d8d   Thumb Code    62  gpdma_lpc17xx.o(i.GPDMA_PeripheralSelect)
    GPDMA_Uninitialize                       0x00000dd1   Thumb Code   116  gpdma_lpc17xx.o(i.GPDMA_Uninitialize)
    GPIO_PinRead                             0x00000e51   Thumb Code    28  gpio_lpc17xx.o(i.GPIO_PinRead)
    GPIO_PinWrite                            0x00000e71   Thumb Code    36  gpio_lpc17xx.o(i.GPIO_PinWrite)
    GPIO_PortClock                           0x00000e99   Thumb Code    38  gpio_lpc17xx.o(i.GPIO_PortClock)
    GPIO_SetDir                              0x00000ec5   Thumb Code    52  gpio_lpc17xx.o(i.GPIO_SetDir)
    I2C0_IRQHandler                          0x00000fb9   Thumb Code    10  i2c_lpc17xx.o(i.I2C0_IRQHandler)
    Init_I2C                                 0x00001a3d   Thumb Code    40  basei2c.o(i.Init_I2C)
    PIN_Configure                            0x00001a69   Thumb Code   246  pin_lpc17xx.o(i.PIN_Configure)
    PIN_ConfigureI2C0Pins                    0x00001b65   Thumb Code    28  pin_lpc17xx.o(i.PIN_ConfigureI2C0Pins)
    SSP1_GPDMA_Rx_SignalEvent                0x00001b9d   Thumb Code    14  ssp_lpc17xx.o(i.SSP1_GPDMA_Rx_SignalEvent)
    SSP1_GPDMA_Tx_SignalEvent                0x00001bb1   Thumb Code    14  ssp_lpc17xx.o(i.SSP1_GPDMA_Tx_SignalEvent)
    SSP1_IRQHandler                          0x00001be5   Thumb Code    10  ssp_lpc17xx.o(i.SSP1_IRQHandler)
    SSPx_GPDMA_Rx_SignalEvent                0x000021b3   Thumb Code    54  ssp_lpc17xx.o(i.SSPx_GPDMA_Rx_SignalEvent)
    SSPx_GPDMA_Tx_SignalEvent                0x000021e9   Thumb Code    28  ssp_lpc17xx.o(i.SSPx_GPDMA_Tx_SignalEvent)
    SystemInit                               0x00002a99   Thumb Code   302  system_lpc17xx.o(i.SystemInit)
    TIMER0_IRQHandler                        0x00002bd9   Thumb Code   246  basei2c.o(i.TIMER0_IRQHandler)
    Timer_Init                               0x00002cdd   Thumb Code    38  basei2c.o(i.Timer_Init)
    main                                     0x00002e09   Thumb Code   148  basei2c.o(i.main)
    read1byte                                0x00002fc5   Thumb Code    78  basei2c.o(i.read1byte)
    write1byte                               0x00003209   Thumb Code    54  basei2c.o(i.write1byte)
    GLCD_Font_6x8                            0x00004ac4   Data          16  glcd_fonts.o(.constdata)
    GLCD_Font_16x24                          0x00004ad4   Data          16  glcd_fonts.o(.constdata)
    Driver_I2C0                              0x00004b18   Data          48  i2c_lpc17xx.o(.constdata)
    Driver_SPI1                              0x00004b98   Data          44  ssp_lpc17xx.o(.constdata)
    Region$$Table$$Base                      0x00004bc4   Number         0  anon$$obj.o(Region$$Table)
    Region$$Table$$Limit                     0x00004be4   Number         0  anon$$obj.o(Region$$Table)
    DeviceAddr                               0x10000000   Data           1  basei2c.o(.data)
    I2C0_PIN                                 0x10000019   Data           4  i2c_lpc17xx.o(.data)
    SystemCoreClock                          0x10000038   Data           4  system_lpc17xx.o(.data)
    __libspace_start                         0x10000128   Data          96  libspace.o(.bss)
    __temporary_stack_top$libspace           0x10000188   Data           0  libspace.o(.bss)



==============================================================================

Memory Map of the image

  Image Entry point : 0x000000cd

  Load Region LR_IROM1 (Base: 0x00000000, Size: 0x00004c20, Max: 0x00080000, ABSOLUTE)

    Execution Region ER_IROM1 (Base: 0x00000000, Size: 0x00004be4, Max: 0x00080000, ABSOLUTE)

    Base Addr    Size         Type   Attr      Idx    E Section Name        Object

    0x00000000   0x000000cc   Data   RO          885    RESET               startup_lpc17xx.o
    0x000000cc   0x00000008   Code   RO          937  * !!!main             c_w.l(__main.o)
    0x000000d4   0x00000034   Code   RO         1104    !!!scatter          c_w.l(__scatter.o)
    0x00000108   0x0000001a   Code   RO         1106    !!handler_copy      c_w.l(__scatter_copy.o)
    0x00000122   0x00000002   PAD
    0x00000124   0x0000001c   Code   RO         1108    !!handler_zi        c_w.l(__scatter_zi.o)
    0x00000140   0x00000002   Code   RO          974    .ARM.Collect$$libinit$$00000000  c_w.l(libinit.o)
    0x00000142   0x00000000   Code   RO          987    .ARM.Collect$$libinit$$00000002  c_w.l(libinit2.o)
    0x00000142   0x00000000   Code   RO          989    .ARM.Collect$$libinit$$00000004  c_w.l(libinit2.o)
    0x00000142   0x00000000   Code   RO          992    .ARM.Collect$$libinit$$0000000A  c_w.l(libinit2.o)
    0x00000142   0x00000000   Code   RO          994    .ARM.Collect$$libinit$$0000000C  c_w.l(libinit2.o)
    0x00000142   0x00000000   Code   RO          996    .ARM.Collect$$libinit$$0000000E  c_w.l(libinit2.o)
    0x00000142   0x00000000   Code   RO          999    .ARM.Collect$$libinit$$00000011  c_w.l(libinit2.o)
    0x00000142   0x00000000   Code   RO         1001    .ARM.Collect$$libinit$$00000013  c_w.l(libinit2.o)
    0x00000142   0x00000000   Code   RO         1003    .ARM.Collect$$libinit$$00000015  c_w.l(libinit2.o)
    0x00000142   0x00000000   Code   RO         1005    .ARM.Collect$$libinit$$00000017  c_w.l(libinit2.o)
    0x00000142   0x00000000   Code   RO         1007    .ARM.Collect$$libinit$$00000019  c_w.l(libinit2.o)
    0x00000142   0x00000000   Code   RO         1009    .ARM.Collect$$libinit$$0000001B  c_w.l(libinit2.o)
    0x00000142   0x00000000   Code   RO         1011    .ARM.Collect$$libinit$$0000001D  c_w.l(libinit2.o)
    0x00000142   0x00000000   Code   RO         1013    .ARM.Collect$$libinit$$0000001F  c_w.l(libinit2.o)
    0x00000142   0x00000000   Code   RO         1015    .ARM.Collect$$libinit$$00000021  c_w.l(libinit2.o)
    0x00000142   0x00000000   Code   RO         1017    .ARM.Collect$$libinit$$00000023  c_w.l(libinit2.o)
    0x00000142   0x00000000   Code   RO         1019    .ARM.Collect$$libinit$$00000025  c_w.l(libinit2.o)
    0x00000142   0x00000000   Code   RO         1023    .ARM.Collect$$libinit$$0000002C  c_w.l(libinit2.o)
    0x00000142   0x00000000   Code   RO         1025    .ARM.Collect$$libinit$$0000002E  c_w.l(libinit2.o)
    0x00000142   0x00000000   Code   RO         1027    .ARM.Collect$$libinit$$00000030  c_w.l(libinit2.o)
    0x00000142   0x00000000   Code   RO         1029    .ARM.Collect$$libinit$$00000032  c_w.l(libinit2.o)
    0x00000142   0x00000002   Code   RO         1030    .ARM.Collect$$libinit$$00000033  c_w.l(libinit2.o)
    0x00000144   0x00000002   Code   RO         1061    .ARM.Collect$$libshutdown$$00000000  c_w.l(libshutdown.o)
    0x00000146   0x00000000   Code   RO         1087    .ARM.Collect$$libshutdown$$00000002  c_w.l(libshutdown2.o)
    0x00000146   0x00000000   Code   RO         1089    .ARM.Collect$$libshutdown$$00000004  c_w.l(libshutdown2.o)
    0x00000146   0x00000000   Code   RO         1092    .ARM.Collect$$libshutdown$$00000007  c_w.l(libshutdown2.o)
    0x00000146   0x00000000   Code   RO         1095    .ARM.Collect$$libshutdown$$0000000A  c_w.l(libshutdown2.o)
    0x00000146   0x00000000   Code   RO         1097    .ARM.Collect$$libshutdown$$0000000C  c_w.l(libshutdown2.o)
    0x00000146   0x00000000   Code   RO         1100    .ARM.Collect$$libshutdown$$0000000F  c_w.l(libshutdown2.o)
    0x00000146   0x00000002   Code   RO         1101    .ARM.Collect$$libshutdown$$00000010  c_w.l(libshutdown2.o)
    0x00000148   0x00000000   Code   RO          939    .ARM.Collect$$rtentry$$00000000  c_w.l(__rtentry.o)
    0x00000148   0x00000000   Code   RO          945    .ARM.Collect$$rtentry$$00000002  c_w.l(__rtentry2.o)
    0x00000148   0x00000006   Code   RO          957    .ARM.Collect$$rtentry$$00000004  c_w.l(__rtentry4.o)
    0x0000014e   0x00000000   Code   RO          947    .ARM.Collect$$rtentry$$00000009  c_w.l(__rtentry2.o)
    0x0000014e   0x00000004   Code   RO          948    .ARM.Collect$$rtentry$$0000000A  c_w.l(__rtentry2.o)
    0x00000152   0x00000000   Code   RO          950    .ARM.Collect$$rtentry$$0000000C  c_w.l(__rtentry2.o)
    0x00000152   0x00000008   Code   RO          951    .ARM.Collect$$rtentry$$0000000D  c_w.l(__rtentry2.o)
    0x0000015a   0x00000002   Code   RO          978    .ARM.Collect$$rtexit$$00000000  c_w.l(rtexit.o)
    0x0000015c   0x00000000   Code   RO         1034    .ARM.Collect$$rtexit$$00000002  c_w.l(rtexit2.o)
    0x0000015c   0x00000004   Code   RO         1035    .ARM.Collect$$rtexit$$00000003  c_w.l(rtexit2.o)
    0x00000160   0x00000006   Code   RO         1036    .ARM.Collect$$rtexit$$00000004  c_w.l(rtexit2.o)
    0x00000166   0x00000002   PAD
    0x00000168   0x0000003c   Code   RO          887    .text               startup_lpc17xx.o
    0x000001a4   0x0000004e   Code   RO          933    .text               c_w.l(rt_memclr_w.o)
    0x000001f2   0x00000006   Code   RO          935    .text               c_w.l(heapauxi.o)
    0x000001f8   0x0000004a   Code   RO          961    .text               c_w.l(sys_stackheap_outer.o)
    0x00000242   0x00000012   Code   RO          963    .text               c_w.l(exit.o)
    0x00000254   0x00000008   Code   RO          975    .text               c_w.l(libspace.o)
    0x0000025c   0x0000000c   Code   RO         1031    .text               c_w.l(sys_exit.o)
    0x00000268   0x00000002   Code   RO         1050    .text               c_w.l(use_no_semi.o)
    0x0000026a   0x00000000   Code   RO         1052    .text               c_w.l(indicate_semi.o)
    0x0000026a   0x00000002   PAD
    0x0000026c   0x00000020   Code   RO          706    i.Clear_Channel_active_flag  gpdma_lpc17xx.o
    0x0000028c   0x00000030   Code   RO          127    i.GLCD_ClearScreen  glcd_mcb1700.o
    0x000002bc   0x0000003c   Code   RO          131    i.GLCD_DrawHLine    glcd_mcb1700.o
    0x000002f8   0x00000004   PAD
    0x000002fc   0x00000004   Code   RO          886    .ARM.__at_0x02FC    startup_lpc17xx.o
    0x00000300   0x00000180   Code   RO          707    i.DMA_IRQHandler    gpdma_lpc17xx.o
    0x00000480   0x0000003a   Code   RO          133    i.GLCD_DrawRectangle  glcd_mcb1700.o
    0x000004ba   0x00000002   PAD
    0x000004bc   0x0000003c   Code   RO          135    i.GLCD_DrawVLine    glcd_mcb1700.o
    0x000004f8   0x000005b6   Code   RO          138    i.GLCD_Initialize   glcd_mcb1700.o
    0x00000aae   0x00000002   PAD
    0x00000ab0   0x00000010   Code   RO          140    i.GLCD_SetFont      glcd_mcb1700.o
    0x00000ac0   0x00000010   Code   RO          141    i.GLCD_SetForegroundColor  glcd_mcb1700.o
    0x00000ad0   0x000000ac   Code   RO          142    i.GLCD_SetWindow    glcd_mcb1700.o
    0x00000b7c   0x00000012   Code   RO          145    i.GLCD_WindowMax    glcd_mcb1700.o
    0x00000b8e   0x00000002   PAD
    0x00000b90   0x000000f4   Code   RO          708    i.GPDMA_ChannelConfigure  gpdma_lpc17xx.o
    0x00000c84   0x00000030   Code   RO          709    i.GPDMA_ChannelDisable  gpdma_lpc17xx.o
    0x00000cb4   0x00000030   Code   RO          711    i.GPDMA_ChannelGetCount  gpdma_lpc17xx.o
    0x00000ce4   0x000000a8   Code   RO          713    i.GPDMA_Initialize  gpdma_lpc17xx.o
    0x00000d8c   0x00000044   Code   RO          714    i.GPDMA_PeripheralSelect  gpdma_lpc17xx.o
    0x00000dd0   0x00000080   Code   RO          715    i.GPDMA_Uninitialize  gpdma_lpc17xx.o
    0x00000e50   0x00000020   Code   RO          796    i.GPIO_PinRead      gpio_lpc17xx.o
    0x00000e70   0x00000028   Code   RO          797    i.GPIO_PinWrite     gpio_lpc17xx.o
    0x00000e98   0x0000002c   Code   RO          798    i.GPIO_PortClock    gpio_lpc17xx.o
    0x00000ec4   0x00000038   Code   RO          801    i.GPIO_SetDir       gpio_lpc17xx.o
    0x00000efc   0x00000040   Code   RO          335    i.GetI2CClockFreq   i2c_lpc17xx.o
    0x00000f3c   0x00000044   Code   RO          528    i.GetSSPClockFreq   ssp_lpc17xx.o
    0x00000f80   0x00000018   Code   RO          336    i.I2C0_Control      i2c_lpc17xx.o
    0x00000f98   0x00000010   Code   RO          337    i.I2C0_GetDataCount  i2c_lpc17xx.o
    0x00000fa8   0x00000010   Code   RO          338    i.I2C0_GetStatus    i2c_lpc17xx.o
    0x00000fb8   0x00000010   Code   RO          339    i.I2C0_IRQHandler   i2c_lpc17xx.o
    0x00000fc8   0x00000014   Code   RO          340    i.I2C0_Initialize   i2c_lpc17xx.o
    0x00000fdc   0x00000020   Code   RO          341    i.I2C0_MasterReceive  i2c_lpc17xx.o
    0x00000ffc   0x00000020   Code   RO          342    i.I2C0_MasterTransmit  i2c_lpc17xx.o
    0x0000101c   0x00000014   Code   RO          343    i.I2C0_PowerControl  i2c_lpc17xx.o
    0x00001030   0x00000018   Code   RO          344    i.I2C0_SlaveReceive  i2c_lpc17xx.o
    0x00001048   0x00000018   Code   RO          345    i.I2C0_SlaveTransmit  i2c_lpc17xx.o
    0x00001060   0x00000010   Code   RO          346    i.I2C0_Uninitialize  i2c_lpc17xx.o
    0x00001070   0x0000000c   Code   RO          347    i.I2C_GetCapabilities  i2c_lpc17xx.o
    0x0000107c   0x00000010   Code   RO          348    i.I2C_GetVersion    i2c_lpc17xx.o
    0x0000108c   0x0000018c   Code   RO          349    i.I2Cx_Control      i2c_lpc17xx.o
    0x00001218   0x00000008   Code   RO          350    i.I2Cx_GetDataCount  i2c_lpc17xx.o
    0x00001220   0x00000008   Code   RO          351    i.I2Cx_GetStatus    i2c_lpc17xx.o
    0x00001228   0x00000030   Code   RO          352    i.I2Cx_IRQHandler   i2c_lpc17xx.o
    0x00001258   0x0000004e   Code   RO          353    i.I2Cx_Initialize   i2c_lpc17xx.o
    0x000012a6   0x000001ce   Code   RO          354    i.I2Cx_MasterHandler  i2c_lpc17xx.o
    0x00001474   0x000000ce   Code   RO          355    i.I2Cx_MasterReceive  i2c_lpc17xx.o
    0x00001542   0x000000cc   Code   RO          356    i.I2Cx_MasterTransmit  i2c_lpc17xx.o
    0x0000160e   0x00000140   Code   RO          357    i.I2Cx_PowerControl  i2c_lpc17xx.o
    0x0000174e   0x000001d4   Code   RO          358    i.I2Cx_SlaveHandler  i2c_lpc17xx.o
    0x00001922   0x00000074   Code   RO          359    i.I2Cx_SlaveReceive  i2c_lpc17xx.o
    0x00001996   0x00000074   Code   RO          360    i.I2Cx_SlaveTransmit  i2c_lpc17xx.o
    0x00001a0a   0x00000030   Code   RO          361    i.I2Cx_Uninitialize  i2c_lpc17xx.o
    0x00001a3a   0x00000002   PAD
    0x00001a3c   0x0000002c   Code   RO            4    i.Init_I2C          basei2c.o
    0x00001a68   0x000000fc   Code   RO          850    i.PIN_Configure     pin_lpc17xx.o
    0x00001b64   0x00000020   Code   RO          851    i.PIN_ConfigureI2C0Pins  pin_lpc17xx.o
    0x00001b84   0x00000018   Code   RO          529    i.SSP1_Control      ssp_lpc17xx.o
    0x00001b9c   0x00000014   Code   RO          530    i.SSP1_GPDMA_Rx_SignalEvent  ssp_lpc17xx.o
    0x00001bb0   0x00000014   Code   RO          531    i.SSP1_GPDMA_Tx_SignalEvent  ssp_lpc17xx.o
    0x00001bc4   0x00000010   Code   RO          532    i.SSP1_GetDataCount  ssp_lpc17xx.o
    0x00001bd4   0x00000010   Code   RO          533    i.SSP1_GetStatus    ssp_lpc17xx.o
    0x00001be4   0x00000010   Code   RO          534    i.SSP1_IRQHandler   ssp_lpc17xx.o
    0x00001bf4   0x00000014   Code   RO          535    i.SSP1_Initialize   ssp_lpc17xx.o
    0x00001c08   0x00000014   Code   RO          536    i.SSP1_PowerControl  ssp_lpc17xx.o
    0x00001c1c   0x00000018   Code   RO          537    i.SSP1_Receive      ssp_lpc17xx.o
    0x00001c34   0x00000018   Code   RO          538    i.SSP1_Send         ssp_lpc17xx.o
    0x00001c4c   0x0000001c   Code   RO          539    i.SSP1_Transfer     ssp_lpc17xx.o
    0x00001c68   0x00000010   Code   RO          540    i.SSP1_Uninitialize  ssp_lpc17xx.o
    0x00001c78   0x0000000c   Code   RO          541    i.SSP_GetCapabilities  ssp_lpc17xx.o
    0x00001c84   0x00000010   Code   RO          542    i.SSP_GetVersion    ssp_lpc17xx.o
    0x00001c94   0x0000051e   Code   RO          543    i.SSPx_Control      ssp_lpc17xx.o
    0x000021b2   0x00000036   Code   RO          544    i.SSPx_GPDMA_Rx_SignalEvent  ssp_lpc17xx.o
    0x000021e8   0x0000001c   Code   RO          545    i.SSPx_GPDMA_Tx_SignalEvent  ssp_lpc17xx.o
    0x00002204   0x0000002c   Code   RO          546    i.SSPx_GetDataCount  ssp_lpc17xx.o
    0x00002230   0x0000005a   Code   RO          547    i.SSPx_GetStatus    ssp_lpc17xx.o
    0x0000228a   0x00000104   Code   RO          548    i.SSPx_IRQHandler   ssp_lpc17xx.o
    0x0000238e   0x000000a8   Code   RO          549    i.SSPx_Initialize   ssp_lpc17xx.o
    0x00002436   0x00000002   PAD
    0x00002438   0x000001b4   Code   RO          550    i.SSPx_PowerControl  ssp_lpc17xx.o
    0x000025ec   0x0000015c   Code   RO          551    i.SSPx_Receive      ssp_lpc17xx.o
    0x00002748   0x00000154   Code   RO          552    i.SSPx_Send         ssp_lpc17xx.o
    0x0000289c   0x00000152   Code   RO          553    i.SSPx_Transfer     ssp_lpc17xx.o
    0x000029ee   0x00000070   Code   RO          554    i.SSPx_Uninitialize  ssp_lpc17xx.o
    0x00002a5e   0x00000002   PAD
    0x00002a60   0x00000038   Code   RO          716    i.Set_Channel_active_flag  gpdma_lpc17xx.o
    0x00002a98   0x00000140   Code   RO          897    i.SystemInit        system_lpc17xx.o
    0x00002bd8   0x00000104   Code   RO            5    i.TIMER0_IRQHandler  basei2c.o
    0x00002cdc   0x0000002c   Code   RO            6    i.Timer_Init        basei2c.o
    0x00002d08   0x0000001c   Code   RO          362    i.__NVIC_ClearPendingIRQ  i2c_lpc17xx.o
    0x00002d24   0x0000001c   Code   RO          555    i.__NVIC_ClearPendingIRQ  ssp_lpc17xx.o
    0x00002d40   0x0000001c   Code   RO          717    i.__NVIC_ClearPendingIRQ  gpdma_lpc17xx.o
    0x00002d5c   0x0000003c   Code   RO          363    i.__NVIC_DisableIRQ  i2c_lpc17xx.o
    0x00002d98   0x0000001a   Code   RO          364    i.__NVIC_EnableIRQ  i2c_lpc17xx.o
    0x00002db2   0x00000002   PAD
    0x00002db4   0x00000028   Code   RO            7    i.__NVIC_SetPriority  basei2c.o
    0x00002ddc   0x0000002c   Code   RO          146    i.delay_ms          glcd_mcb1700.o
    0x00002e08   0x000000a0   Code   RO            8    i.main              basei2c.o
    0x00002ea8   0x00000044   Code   RO          147    i.rd_dat            glcd_mcb1700.o
    0x00002eec   0x000000c8   Code   RO          148    i.rd_id_man         glcd_mcb1700.o
    0x00002fb4   0x00000010   Code   RO          149    i.rd_reg            glcd_mcb1700.o
    0x00002fc4   0x00000054   Code   RO            9    i.read1byte         basei2c.o
    0x00003018   0x0000002c   Code   RO          150    i.spi_tran          glcd_mcb1700.o
    0x00003044   0x00000088   Code   RO          151    i.spi_tran_man      glcd_mcb1700.o
    0x000030cc   0x0000004c   Code   RO          152    i.wr_cmd            glcd_mcb1700.o
    0x00003118   0x00000034   Code   RO          154    i.wr_dat_only       glcd_mcb1700.o
    0x0000314c   0x00000018   Code   RO          155    i.wr_dat_start      glcd_mcb1700.o
    0x00003164   0x00000014   Code   RO          156    i.wr_dat_stop       glcd_mcb1700.o
    0x00003178   0x00000090   Code   RO          157    i.wr_reg            glcd_mcb1700.o
    0x00003208   0x0000003c   Code   RO           10    i.write1byte        basei2c.o
    0x00003244   0x000018a0   Data   RO          115    .constdata          glcd_fonts.o
    0x00004ae4   0x00000064   Data   RO          366    .constdata          i2c_lpc17xx.o
    0x00004b48   0x0000007c   Data   RO          557    .constdata          ssp_lpc17xx.o
    0x00004bc4   0x00000020   Data   RO         1102    Region$$Table       anon$$obj.o


    Execution Region RW_IRAM1 (Base: 0x10000000, Size: 0x00000388, Max: 0x00008000, ABSOLUTE)

    Base Addr    Size         Type   Attr      Idx    E Section Name        Object

    0x10000000   0x00000006   Data   RW           11    .data               basei2c.o
    0x10000006   0x00000002   PAD
    0x10000008   0x00000011   Data   RW          158    .data               glcd_mcb1700.o
    0x10000019   0x00000004   Data   RW          367    .data               i2c_lpc17xx.o
    0x1000001d   0x00000003   PAD
    0x10000020   0x00000010   Data   RW          558    .data               ssp_lpc17xx.o
    0x10000030   0x00000008   Data   RW          719    .data               gpdma_lpc17xx.o
    0x10000038   0x00000004   Data   RW          898    .data               system_lpc17xx.o
    0x1000003c   0x00000024   Zero   RW          365    .bss                i2c_lpc17xx.o
    0x10000060   0x00000028   Zero   RW          556    .bss                ssp_lpc17xx.o
    0x10000088   0x000000a0   Zero   RW          718    .bss                gpdma_lpc17xx.o
    0x10000128   0x00000060   Zero   RW          976    .bss                c_w.l(libspace.o)
    0x10000188   0x00000000   Zero   RW          884    HEAP                startup_lpc17xx.o
    0x10000188   0x00000200   Zero   RW          883    STACK               startup_lpc17xx.o


==============================================================================

Image component sizes


      Code (inc. data)   RO Data    RW Data    ZI Data      Debug   Object Name

       692         56          0          6          0      55048   basei2c.o
         0          0       6304          0          0        736   glcd_fonts.o
      2734         92          0         17          0      18529   glcd_mcb1700.o
      1204         94          0          8        160       8062   gpdma_lpc17xx.o
       172         18          0          0          0       2294   gpio_lpc17xx.o
      2924        132        100          4         36      48252   i2c_lpc17xx.o
       284         10          0          0          0       1464   pin_lpc17xx.o
      3896        106        124         16         40      53239   ssp_lpc17xx.o
        64         26        204          0        512        964   startup_lpc17xx.o
       320         18          0          4          0        771   system_lpc17xx.o

    ----------------------------------------------------------------------
     12308        556       6764         60        748     189359   Object Totals
         0          0         32          0          0          0   (incl. Generated)
        18          4          0          5          0          0   (incl. Padding)

    ----------------------------------------------------------------------

      Code (inc. data)   RO Data    RW Data    ZI Data      Debug   Library Member Name

         8          0          0          0          0         68   __main.o
         0          0          0          0          0          0   __rtentry.o
        12          0          0          0          0          0   __rtentry2.o
         6          0          0          0          0          0   __rtentry4.o
        52          8          0          0          0          0   __scatter.o
        26          0          0          0          0          0   __scatter_copy.o
        28          0          0          0          0          0   __scatter_zi.o
        18          0          0          0          0         80   exit.o
         6          0          0          0          0        152   heapauxi.o
         0          0          0          0          0          0   indicate_semi.o
         2          0          0          0          0          0   libinit.o
         2          0          0          0          0          0   libinit2.o
         2          0          0          0          0          0   libshutdown.o
         2          0          0          0          0          0   libshutdown2.o
         8          4          0          0         96         68   libspace.o
        78          0          0          0          0         80   rt_memclr_w.o
         2          0          0          0          0          0   rtexit.o
        10          0          0          0          0          0   rtexit2.o
        12          4          0          0          0         68   sys_exit.o
        74          0          0          0          0         80   sys_stackheap_outer.o
         2          0          0          0          0         68   use_no_semi.o

    ----------------------------------------------------------------------
       356         16          0          0         96        664   Library Totals
         6          0          0          0          0          0   (incl. Padding)

    ----------------------------------------------------------------------

      Code (inc. data)   RO Data    RW Data    ZI Data      Debug   Library Name

       350         16          0          0         96        664   c_w.l

    ----------------------------------------------------------------------
       356         16          0          0         96        664   Library Totals

    ----------------------------------------------------------------------

==============================================================================


      Code (inc. data)   RO Data    RW Data    ZI Data      Debug   

     12664        572       6764         60        844     184663   Grand Totals
     12664        572       6764         60        844     184663   ELF Image Totals
     12664        572       6764         60          0          0   ROM Totals

==============================================================================

    Total RO  Size (Code + RO Data)                19428 (  18.97kB)
    Total RW  Size (RW Data + ZI Data)               904 (   0.88kB)
    Total ROM Size (Code + RO Data + RW Data)      19488 (  19.03kB)

==============================================================================

