<html>
<body>
<pre>
<h1>µVision Build Log</h1>
<h2>Tool Versions:</h2>
IDE-Version: µVision V5.17.0.0
Copyright (C) 2015 ARM Ltd and ARM Germany GmbH. All rights reserved.
License Information: IUT Cachan IUT Cachan Flex license: MDK-ARM Professional: 25 user(s) (mdk_pro) Support: Nov 2015
 
Tool Versions:
Toolchain:       MDK-ARM Professional: 25 user(s)  Version: 5.17
Toolchain Path:  C:\Keil_v5\ARM\ARMCC\Bin
C Compiler:      Armcc.exe V5.06 update 1 (build 61)
Assembler:       Armasm.exe V5.06 update 1 (build 61)
Linker/Locator:  ArmLink.exe V5.06 update 1 (build 61)
Library Manager: ArmAr.exe V5.06 update 1 (build 61)
Hex Converter:   FromElf.exe V5.06 update 1 (build 61)
CPU DLL:         SARMCM3.DLL V5.17
Dialog DLL:      DARMP1.DLL V1.25.0.0
Target DLL:      UL2CM3.DLL V1.156.1.0
Dialog DLL:      TARMP1.DLL V1.24.0.0
 
<h2>Project:</h2>
C:\Etudiant\projet_it2r\projet_it2r.uvprojx
Project File Date:  02/21/2018

<h2>Output:</h2>
*** Using Compiler 'V5.06 update 1 (build 61)', folder: 'C:\Keil_v5\ARM\ARMCC\Bin'
Rebuild target 'Target 1'
compiling GLCD_Fonts.c...
compiling baseI2C.c...
baseI2C.c(30): warning:  #167-D: argument of type "char *" is incompatible with parameter of type "const uint8_t *"
  	Driver_I2C0.MasterTransmit (
LAVE_I2C_ADDR, tab, 2, 
alse);		// false = avec stop
baseI2C.c(34): warning:  #167-D: argument of type "char *" is incompatible with parameter of type "const uint8_t *"
  	Driver_I2C0.MasterTransmit (
LAVE_I2C_ADDR, tab, 2, 
alse);		// false = avec stop
baseI2C.c(46): warning:  #167-D: argument of type "char *" is incompatible with parameter of type "const uint8_t *"
  	Driver_I2C0.MasterTransmit (composant, tab, 2, 
alse);// ecriture
baseI2C.c(56): warning:  #167-D: argument of type "char *" is incompatible with parameter of type "uint8_t *"
  	Driver_I2C0.MasterReceive (composant, &retour, 1, 
alse);		// lecture false = avec stop
baseI2C.c(81): warning:  #167-D: argument of type "char *" is incompatible with parameter of type "const uint8_t *"
  		Driver_I2C0.MasterTransmit (
LAVE_I2C_ADDR, tab, 1, 
alse);		// conversion command 
baseI2C.c(84): warning:  #167-D: argument of type "char *" is incompatible with parameter of type "const uint8_t *"
  		Driver_I2C0.MasterTransmit (
LAVE_I2C_ADDR, sub0, 1, 
rue);		//lire registre 0x00 joystick x 
baseI2C.c(86): warning:  #167-D: argument of type "char *" is incompatible with parameter of type "uint8_t *"
  		Driver_I2C0.MasterReceive (
LAVE_I2C_ADDR2, maValeur, 6, 
alse);		
baseI2C.c(92): warning:  #111-D: statement is unreachable
  	return 0;
baseI2C.c: 8 warnings, 0 errors
compiling GLCD_MCB1700.c...
compiling I2C_LPC17xx.c...
compiling PIN_LPC17xx.c...
assembling startup_LPC17xx.s...
compiling SSP_LPC17xx.c...
compiling GPDMA_LPC17xx.c...
compiling GPIO_LPC17xx.c...
compiling system_LPC17xx.c...
linking...
Program Size: Code=12880 RO-data=6764 RW-data=52 ZI-data=844  
".\Objects\projet_it2r.axf" - 0 Error(s), 8 Warning(s).

<h2>Software Packages used:</h2>

Package Vendor: ARM
                http://www.keil.com/pack/ARM.CMSIS.5.2.0.pack
                ::CMSIS Driver:SPI:2.2.0 (API)
                CMSIS (Cortex Microcontroller Software Interface Standard)
   * Component: SPI Version: 2.2.0
   * Component: I2C Version: 2.3.0
   * Component: CORE Version: 5.0.2

Package Vendor: Keil
                http://www.keil.com/pack/Keil.LPC1700_DFP.2.4.0.pack
                Keil::Device:Startup:1.0.0
                NXP LPC1700 Series Device Support, Drivers and Examples for MCB1700 and LPC1788-32
   * Component: Startup Version: 1.0.0
   * Component: PIN Version: 1.0.0
   * Component: GPIO Version: 1.1.0
   * Component: GPDMA Version: 1.2.0
   * Component: SSP Version: 2.7.0
   * Component: I2C Version: 2.4.0
   * Component: Graphic LCD Version: 1.0.0

Package Vendor: Keil
                http://www.keil.com/pack/Keil.MDK-Middleware.7.3.0.pack
                ::Board Support:Graphic LCD:1.00 (API)
                Keil MDK-ARM Professional Middleware for ARM Cortex-M based devices
   * Component: Graphic LCD Version: 1.00

<h2>Collection of Component include folders:</h2>
  C:\Etudiant\projet_it2r\RTE
  C:\Etudiant\projet_it2r\RTE\Device\LPC1768
  C:\Keil_v5\ARM\PACK\ARM\CMSIS\5.2.0\CMSIS\Driver\Include
  C:\Keil_v5\ARM\PACK\ARM\CMSIS\5.2.0\CMSIS\Include
  C:\Keil_v5\ARM\PACK\Keil\LPC1700_DFP\2.4.0\Boards\Keil\MCB1700\Common
  C:\Keil_v5\ARM\PACK\Keil\LPC1700_DFP\2.4.0\Device\Include
  C:\Keil_v5\ARM\PACK\Keil\LPC1700_DFP\2.4.0\RTE_Driver
  C:\Keil_v5\ARM\PACK\Keil\MDK-Middleware\7.3.0\Board

<h2>Collection of Component Files used:</h2>

   * Component: ::CMSIS Driver:SPI:2.2.0 (API)
      Include file:  CMSIS\Driver\Include\Driver_SPI.h

   * Component: ::CMSIS Driver:I2C:2.3.0 (API)
      Include file:  CMSIS\Driver\Include\Driver_I2C.h

   * Component: ARM::CMSIS:CORE:5.0.2

   * Component: Keil::Device:Startup:1.0.0
      Include file:  Device\Include\LPC17xx.h
      Source file:   Device\Source\ARM\startup_LPC17xx.s
      Source file:   Device\Source\system_LPC17xx.c
      Include file:  RTE_Driver\Config\RTE_Device.h

   * Component: Keil::Device:PIN:1.0.0
      Include file:  RTE_Driver\PIN_LPC17xx.h
      Source file:   RTE_Driver\PIN_LPC17xx.c

   * Component: Keil::Device:GPIO:1.1.0
      Include file:  RTE_Driver\GPIO_LPC17xx.h
      Source file:   RTE_Driver\GPIO_LPC17xx.c

   * Component: Keil::Device:GPDMA:1.2.0
      Include file:  RTE_Driver\GPDMA_LPC17xx.h
      Source file:   RTE_Driver\GPDMA_LPC17xx.c

   * Component: Keil::CMSIS Driver:SPI:SSP:2.7.0
      Source file:   RTE_Driver\SSP_LPC17xx.c

   * Component: Keil::CMSIS Driver:I2C:2.4.0
      Source file:   RTE_Driver\I2C_LPC17xx.c

   * Component: Keil.MCB1700::Board Support:Graphic LCD:1.0.0
      Include file:  Boards\Keil\MCB1700\Common\GLCD_Config.h
      Source file:   Boards\Keil\MCB1700\Common\GLCD_Fonts.c
      Source file:   Boards\Keil\MCB1700\Common\GLCD_MCB1700.c

   * Component: ::Board Support:Graphic LCD:1.00 (API)
      Include file:  Board\Board_GLCD.h
Build Time Elapsed:  00:00:01
</pre>
</body>
</html>
